Component: ARM Compiler 5.05 update 1 (build 106) Tool: armlink [4d0efa]

==============================================================================

Section Cross References

    startup_stm32f405xx.o(RESET) refers to startup_stm32f405xx.o(STACK) for __initial_sp
    startup_stm32f405xx.o(RESET) refers to startup_stm32f405xx.o(.text) for Reset_Handler
    startup_stm32f405xx.o(RESET) refers to stm32f4xx_it.o(i.NMI_Handler) for NMI_Handler
    startup_stm32f405xx.o(RESET) refers to stm32f4xx_it.o(i.HardFault_Handler) for HardFault_Handler
    startup_stm32f405xx.o(RESET) refers to stm32f4xx_it.o(i.MemManage_Handler) for MemManage_Handler
    startup_stm32f405xx.o(RESET) refers to stm32f4xx_it.o(i.BusFault_Handler) for BusFault_Handler
    startup_stm32f405xx.o(RESET) refers to stm32f4xx_it.o(i.UsageFault_Handler) for UsageFault_Handler
    startup_stm32f405xx.o(RESET) refers to port.o(.emb_text) for SVC_Handler
    startup_stm32f405xx.o(RESET) refers to stm32f4xx_it.o(i.DebugMon_Handler) for DebugMon_Handler
    startup_stm32f405xx.o(RESET) refers to port.o(i.SysTick_Handler) for SysTick_Handler
    startup_stm32f405xx.o(RESET) refers to stm32f4xx_it.o(i.DMA1_Stream2_IRQHandler) for DMA1_Stream2_IRQHandler
    startup_stm32f405xx.o(RESET) refers to stm32f4xx_it.o(i.DMA1_Stream4_IRQHandler) for DMA1_Stream4_IRQHandler
    startup_stm32f405xx.o(RESET) refers to stm32f4xx_it.o(i.DMA1_Stream5_IRQHandler) for DMA1_Stream5_IRQHandler
    startup_stm32f405xx.o(RESET) refers to stm32f4xx_it.o(i.DMA1_Stream6_IRQHandler) for DMA1_Stream6_IRQHandler
    startup_stm32f405xx.o(RESET) refers to stm32f4xx_it.o(i.CAN1_RX0_IRQHandler) for CAN1_RX0_IRQHandler
    startup_stm32f405xx.o(RESET) refers to stm32f4xx_it.o(i.TIM1_UP_TIM10_IRQHandler) for TIM1_UP_TIM10_IRQHandler
    startup_stm32f405xx.o(RESET) refers to stm32f4xx_it.o(i.USART1_IRQHandler) for USART1_IRQHandler
    startup_stm32f405xx.o(RESET) refers to stm32f4xx_it.o(i.USART2_IRQHandler) for USART2_IRQHandler
    startup_stm32f405xx.o(RESET) refers to stm32f4xx_it.o(i.UART4_IRQHandler) for UART4_IRQHandler
    startup_stm32f405xx.o(RESET) refers to stm32f4xx_it.o(i.DMA2_Stream2_IRQHandler) for DMA2_Stream2_IRQHandler
    startup_stm32f405xx.o(RESET) refers to stm32f4xx_it.o(i.DMA2_Stream7_IRQHandler) for DMA2_Stream7_IRQHandler
    startup_stm32f405xx.o(.text) refers to system_stm32f4xx.o(i.SystemInit) for SystemInit
    startup_stm32f405xx.o(.text) refers to entry.o(.ARM.Collect$$$$00000000) for __main
    main.o(i.HAL_TIM_PeriodElapsedCallback) refers to stm32f4xx_hal.o(i.HAL_IncTick) for HAL_IncTick
    main.o(i.MX_CAN1_Init) refers to stm32f4xx_hal_can.o(i.HAL_CAN_Init) for HAL_CAN_Init
    main.o(i.MX_CAN1_Init) refers to main.o(.bss) for .bss
    main.o(i.MX_DMA_Init) refers to stm32f4xx_hal_cortex.o(i.HAL_NVIC_SetPriority) for HAL_NVIC_SetPriority
    main.o(i.MX_DMA_Init) refers to stm32f4xx_hal_cortex.o(i.HAL_NVIC_EnableIRQ) for HAL_NVIC_EnableIRQ
    main.o(i.MX_GPIO_Init) refers to memseta.o(.text) for __aeabi_memclr4
    main.o(i.MX_GPIO_Init) refers to stm32f4xx_hal_gpio.o(i.HAL_GPIO_Init) for HAL_GPIO_Init
    main.o(i.MX_USART1_UART_Init) refers to stm32f4xx_hal_uart.o(i.HAL_UART_Init) for HAL_UART_Init
    main.o(i.MX_USART1_UART_Init) refers to stm32f4xx_hal_uart.o(i.HAL_UART_Receive_DMA) for HAL_UART_Receive_DMA
    main.o(i.MX_USART1_UART_Init) refers to main.o(.bss) for .bss
    main.o(i.StartDefaultTask) refers to cmsis_os.o(i.osDelay) for osDelay
    main.o(i.StartTask02) refers to cmsis_os.o(i.osDelay) for osDelay
    main.o(i.StartTask02) refers to gcs_debug.o(i.Sent_Contorl) for Sent_Contorl
    main.o(i.StartTask02) refers to dr_16.o(.bss) for dr_control
    main.o(i.StartTask02) refers to main.o(.data) for .data
    main.o(i.StartTask02) refers to main.o(.bss) for .bss
    main.o(i.StartTask03) refers to pid.o(i.pid_param_init) for pid_param_init
    main.o(i.StartTask03) refers to cmsis_os.o(i.osDelay) for osDelay
    main.o(i.StartTask03) refers to pid.o(i.pid_calc) for pid_calc
    main.o(i.StartTask03) refers to pid.o(i.get_total_angle) for get_total_angle
    main.o(i.StartTask03) refers to stm32f4xx_hal_gpio.o(i.HAL_GPIO_ReadPin) for HAL_GPIO_ReadPin
    main.o(i.StartTask03) refers to can.o(i.set_moto_current) for set_moto_current
    main.o(i.StartTask03) refers to can.o(.data) for speed_set
    main.o(i.StartTask03) refers to main.o(.data) for .data
    main.o(i.StartTask03) refers to main.o(.bss) for .bss
    main.o(i.StartTask03) refers to gcs_debug.o(.data) for debug_Kp
    main.o(i.StartTask04) refers to cmsis_os.o(i.osDelay) for osDelay
    main.o(i.StartTask04) refers to main.o(.data) for .data
    main.o(i.SystemClock_Config) refers to memseta.o(.text) for __aeabi_memclr4
    main.o(i.SystemClock_Config) refers to stm32f4xx_hal_rcc.o(i.HAL_RCC_OscConfig) for HAL_RCC_OscConfig
    main.o(i.SystemClock_Config) refers to stm32f4xx_hal_rcc.o(i.HAL_RCC_ClockConfig) for HAL_RCC_ClockConfig
[...]
    ../clib/microlib/init/entry.s            0x00000000   Number         0  entry11a.o ABSOLUTE
    ../clib/microlib/init/entry.s            0x00000000   Number         0  entry10b.o ABSOLUTE
    ../clib/microlib/init/entry.s            0x00000000   Number         0  entry10a.o ABSOLUTE
    ../clib/microlib/init/entry.s            0x00000000   Number         0  entry9b.o ABSOLUTE
    ../clib/microlib/init/entry.s            0x00000000   Number         0  entry9a.o ABSOLUTE
    ../clib/microlib/init/entry.s            0x00000000   Number         0  entry8b.o ABSOLUTE
    ../clib/microlib/init/entry.s            0x00000000   Number         0  entry8a.o ABSOLUTE
    ../clib/microlib/init/entry.s            0x00000000   Number         0  entry7b.o ABSOLUTE
    ../clib/microlib/init/entry.s            0x00000000   Number         0  entry7a.o ABSOLUTE
    ../clib/microlib/init/entry.s            0x00000000   Number         0  entry5.o ABSOLUTE
    ../clib/microlib/init/entry.s            0x00000000   Number         0  entry2.o ABSOLUTE
    ../clib/microlib/longlong.c              0x00000000   Number         0  llushr.o ABSOLUTE
    ../clib/microlib/longlong.c              0x00000000   Number         0  llshl.o ABSOLUTE
    ../clib/microlib/string/memcpy.c         0x00000000   Number         0  memcpya.o ABSOLUTE
    ../clib/microlib/string/memcpy.c         0x00000000   Number         0  memcpyb.o ABSOLUTE
    ../clib/microlib/string/memset.c         0x00000000   Number         0  memseta.o ABSOLUTE
    ..\Drivers\STM32F4xx_HAL_Driver\Src\stm32f4xx_hal.c 0x00000000   Number         0  stm32f4xx_hal.o ABSOLUTE
    ..\Drivers\STM32F4xx_HAL_Driver\Src\stm32f4xx_hal_can.c 0x00000000   Number         0  stm32f4xx_hal_can.o ABSOLUTE
    ..\Drivers\STM32F4xx_HAL_Driver\Src\stm32f4xx_hal_cortex.c 0x00000000   Number         0  stm32f4xx_hal_cortex.o ABSOLUTE
    ..\Drivers\STM32F4xx_HAL_Driver\Src\stm32f4xx_hal_dma.c 0x00000000   Number         0  stm32f4xx_hal_dma.o ABSOLUTE
    ..\Drivers\STM32F4xx_HAL_Driver\Src\stm32f4xx_hal_dma_ex.c 0x00000000   Number         0  stm32f4xx_hal_dma_ex.o ABSOLUTE
    ..\Drivers\STM32F4xx_HAL_Driver\Src\stm32f4xx_hal_flash.c 0x00000000   Number         0  stm32f4xx_hal_flash.o ABSOLUTE
    ..\Drivers\STM32F4xx_HAL_Driver\Src\stm32f4xx_hal_flash_ex.c 0x00000000   Number         0  stm32f4xx_hal_flash_ex.o ABSOLUTE
    ..\Drivers\STM32F4xx_HAL_Driver\Src\stm32f4xx_hal_flash_ramfunc.c 0x00000000   Number         0  stm32f4xx_hal_flash_ramfunc.o ABSOLUTE
    ..\Drivers\STM32F4xx_HAL_Driver\Src\stm32f4xx_hal_gpio.c 0x00000000   Number         0  stm32f4xx_hal_gpio.o ABSOLUTE
    ..\Drivers\STM32F4xx_HAL_Driver\Src\stm32f4xx_hal_pwr.c 0x00000000   Number         0  stm32f4xx_hal_pwr.o ABSOLUTE
    ..\Drivers\STM32F4xx_HAL_Driver\Src\stm32f4xx_hal_pwr_ex.c 0x00000000   Number         0  stm32f4xx_hal_pwr_ex.o ABSOLUTE
    ..\Drivers\STM32F4xx_HAL_Driver\Src\stm32f4xx_hal_rcc.c 0x00000000   Number         0  stm32f4xx_hal_rcc.o ABSOLUTE
    ..\Drivers\STM32F4xx_HAL_Driver\Src\stm32f4xx_hal_rcc_ex.c 0x00000000   Number         0  stm32f4xx_hal_rcc_ex.o ABSOLUTE
    ..\Drivers\STM32F4xx_HAL_Driver\Src\stm32f4xx_hal_tim.c 0x00000000   Number         0  stm32f4xx_hal_tim.o ABSOLUTE
    ..\Drivers\STM32F4xx_HAL_Driver\Src\stm32f4xx_hal_tim_ex.c 0x00000000   Number         0  stm32f4xx_hal_tim_ex.o ABSOLUTE
    ..\Drivers\STM32F4xx_HAL_Driver\Src\stm32f4xx_hal_uart.c 0x00000000   Number         0  stm32f4xx_hal_uart.o ABSOLUTE
    ..\Hardware\CAN.c                        0x00000000   Number         0  can.o ABSOLUTE
    ..\Hardware\GCS_Debug.c                  0x00000000   Number         0  gcs_debug.o ABSOLUTE
    ..\Hardware\PID.c                        0x00000000   Number         0  pid.o ABSOLUTE
    ..\Hardware\dr_16.c                      0x00000000   Number         0  dr_16.o ABSOLUTE
    ..\Hardware\drv_dr16.c                   0x00000000   Number         0  drv_dr16.o ABSOLUTE
    ..\Middlewares\Third_Party\FreeRTOS\Source\CMSIS_RTOS\cmsis_os.c 0x00000000   Number         0  cmsis_os.o ABSOLUTE
    ..\Middlewares\Third_Party\FreeRTOS\Source\portable\RVDS\ARM_CM4F\port.c 0x00000000   Number         0  port.o ABSOLUTE
    ..\Src\freertos.c                        0x00000000   Number         0  freertos.o ABSOLUTE
    ..\Src\main.c                            0x00000000   Number         0  main.o ABSOLUTE
    ..\Src\stm32f4xx_hal_msp.c               0x00000000   Number         0  stm32f4xx_hal_msp.o ABSOLUTE
    ..\Src\stm32f4xx_hal_timebase_tim.c      0x00000000   Number         0  stm32f4xx_hal_timebase_tim.o ABSOLUTE
    ..\Src\stm32f4xx_it.c                    0x00000000   Number         0  stm32f4xx_it.o ABSOLUTE
    ..\Src\system_stm32f4xx.c                0x00000000   Number         0  system_stm32f4xx.o ABSOLUTE
    ..\\Hardware\\CAN.c                      0x00000000   Number         0  can.o ABSOLUTE
    ..\\Hardware\\GCS_Debug.c                0x00000000   Number         0  gcs_debug.o ABSOLUTE
    ..\\Hardware\\PID.c                      0x00000000   Number         0  pid.o ABSOLUTE
    ..\\Hardware\\dr_16.c                    0x00000000   Number         0  dr_16.o ABSOLUTE
    ..\\Hardware\\drv_dr16.c                 0x00000000   Number         0  drv_dr16.o ABSOLUTE
    dc.s                                     0x00000000   Number         0  dc.o ABSOLUTE
    handlers.s                               0x00000000   Number         0  handlers.o ABSOLUTE
    init.s                                   0x00000000   Number         0  init.o ABSOLUTE
    startup_stm32f405xx.s                    0x00000000   Number         0  startup_stm32f405xx.o ABSOLUTE
    RESET                                    0x08000000   Section      392  startup_stm32f405xx.o(RESET)
    .ARM.Collect$$$$00000000                 0x08000188   Section        0  entry.o(.ARM.Collect$$$$00000000)
    .ARM.Collect$$$$00000001                 0x08000188   Section        4  entry2.o(.ARM.Collect$$$$00000001)
    .ARM.Collect$$$$00000004                 0x0800018c   Section        4  entry5.o(.ARM.Collect$$$$00000004)
    .ARM.Collect$$$$00000008                 0x08000190   Section        0  entry7b.o(.ARM.Collect$$$$00000008)
    .ARM.Collect$$$$0000000A                 0x08000190   Section        0  entry8b.o(.ARM.Collect$$$$0000000A)
    .ARM.Collect$$$$0000000B                 0x08000190   Section        8  entry9a.o(.ARM.Collect$$$$0000000B)
    .ARM.Collect$$$$0000000D                 0x08000198   Section        0  entry10a.o(.ARM.Collect$$$$0000000D)
    .ARM.Collect$$$$0000000F                 0x08000198   Section        0  entry11a.o(.ARM.Collect$$$$0000000F)
    .ARM.Collect$$$$00002712                 0x08000198   Section        4  entry2.o(.ARM.Collect$$$$00002712)
    __lit__00000000                          0x08000198   Data           4  entry2.o(.ARM.Collect$$$$00002712)
    .emb_text                                0x0800019c   Section      186  port.o(.emb_text)
    $v0                                      0x0800019c   Number         0  port.o(.emb_text)
    .text                                    0x08000258   Section       36  startup_stm32f405xx.o(.text)
    $v0                                      0x08000258   Number         0  startup_stm32f405xx.o(.text)
    .text                                    0x0800027c   Section        0  uldiv.o(.text)
    .text                                    0x080002de   Section        0  memcpya.o(.text)
    .text                                    0x08000302   Section        0  memseta.o(.text)
    .text                                    0x08000326   Section        0  llshl.o(.text)
    .text                                    0x08000344   Section        0  llushr.o(.text)
    .text                                    0x08000364   Section       36  init.o(.text)
    i.BusFault_Handler                       0x08000388   Section        0  stm32f4xx_it.o(i.BusFault_Handler)
    i.CAN1_RX0_IRQHandler                    0x0800038c   Section        0  stm32f4xx_it.o(i.CAN1_RX0_IRQHandler)
    i.DMA1_Stream2_IRQHandler                0x08000398   Section        0  stm32f4xx_it.o(i.DMA1_Stream2_IRQHandler)
    i.DMA1_Stream4_IRQHandler                0x080003a4   Section        0  stm32f4xx_it.o(i.DMA1_Stream4_IRQHandler)
    i.DMA1_Stream5_IRQHandler                0x080003b0   Section        0  stm32f4xx_it.o(i.DMA1_Stream5_IRQHandler)
    i.DMA1_Stream6_IRQHandler                0x080003bc   Section        0  stm32f4xx_it.o(i.DMA1_Stream6_IRQHandler)
    i.DMA2_Stream2_IRQHandler                0x080003c8   Section        0  stm32f4xx_it.o(i.DMA2_Stream2_IRQHandler)
    i.DMA2_Stream7_IRQHandler                0x080003d4   Section        0  stm32f4xx_it.o(i.DMA2_Stream7_IRQHandler)
    i.DMA_CalcBaseAndBitshift                0x080003e0   Section        0  stm32f4xx_hal_dma.o(i.DMA_CalcBaseAndBitshift)
    DMA_CalcBaseAndBitshift                  0x080003e1   Thumb Code    34  stm32f4xx_hal_dma.o(i.DMA_CalcBaseAndBitshift)
    i.DMA_CheckFifoParam                     0x08000408   Section        0  stm32f4xx_hal_dma.o(i.DMA_CheckFifoParam)
    DMA_CheckFifoParam                       0x08000409   Thumb Code    84  stm32f4xx_hal_dma.o(i.DMA_CheckFifoParam)
    i.DMA_SetConfig                          0x0800045c   Section        0  stm32f4xx_hal_dma.o(i.DMA_SetConfig)
    DMA_SetConfig                            0x0800045d   Thumb Code    40  stm32f4xx_hal_dma.o(i.DMA_SetConfig)
    i.DebugMon_Handler                       0x08000484   Section        0  stm32f4xx_it.o(i.DebugMon_Handler)
    i.Error_Handler                          0x08000486   Section        0  main.o(i.Error_Handler)
    i.GCSDebug_Sent_Choose                   0x08000488   Section        0  gcs_debug.o(i.GCSDebug_Sent_Choose)
    i.GCSDebug_Sent_Set                      0x080004dc   Section        0  gcs_debug.o(i.GCSDebug_Sent_Set)
    i.HAL_CAN_ActivateNotification           0x0800050c   Section        0  stm32f4xx_hal_can.o(i.HAL_CAN_ActivateNotification)
    i.HAL_CAN_AddTxMessage                   0x08000534   Section        0  stm32f4xx_hal_can.o(i.HAL_CAN_AddTxMessage)
    i.HAL_CAN_ConfigFilter                   0x080005fc   Section        0  stm32f4xx_hal_can.o(i.HAL_CAN_ConfigFilter)
    i.HAL_CAN_ErrorCallback                  0x08000708   Section        0  stm32f4xx_hal_can.o(i.HAL_CAN_ErrorCallback)
    i.HAL_CAN_GetRxMessage                   0x0800070a   Section        0  stm32f4xx_hal_can.o(i.HAL_CAN_GetRxMessage)
    i.HAL_CAN_IRQHandler                     0x08000804   Section        0  stm32f4xx_hal_can.o(i.HAL_CAN_IRQHandler)
    i.HAL_CAN_Init                           0x08000a00   Section        0  stm32f4xx_hal_can.o(i.HAL_CAN_Init)
    i.HAL_CAN_MspInit                        0x08000b1c   Section        0  stm32f4xx_hal_msp.o(i.HAL_CAN_MspInit)
    i.HAL_CAN_RxFifo0FullCallback            0x08000b98   Section        0  stm32f4xx_hal_can.o(i.HAL_CAN_RxFifo0FullCallback)
    i.HAL_CAN_RxFifo0MsgPendingCallback      0x08000b9c   Section        0  can.o(i.HAL_CAN_RxFifo0MsgPendingCallback)
    i.HAL_CAN_RxFifo1FullCallback            0x08000c10   Section        0  stm32f4xx_hal_can.o(i.HAL_CAN_RxFifo1FullCallback)
    i.HAL_CAN_RxFifo1MsgPendingCallback      0x08000c12   Section        0  stm32f4xx_hal_can.o(i.HAL_CAN_RxFifo1MsgPendingCallback)
    i.HAL_CAN_SleepCallback                  0x08000c14   Section        0  stm32f4xx_hal_can.o(i.HAL_CAN_SleepCallback)
    i.HAL_CAN_Start                          0x08000c18   Section        0  stm32f4xx_hal_can.o(i.HAL_CAN_Start)
    i.HAL_CAN_TxMailbox0AbortCallback        0x08000c70   Section        0  stm32f4xx_hal_can.o(i.HAL_CAN_TxMailbox0AbortCallback)
    i.HAL_CAN_TxMailbox0CompleteCallback     0x08000c72   Section        0  stm32f4xx_hal_can.o(i.HAL_CAN_TxMailbox0CompleteCallback)
    i.HAL_CAN_TxMailbox1AbortCallback        0x08000c74   Section        0  stm32f4xx_hal_can.o(i.HAL_CAN_TxMailbox1AbortCallback)
    i.HAL_CAN_TxMailbox1CompleteCallback     0x08000c76   Section        0  stm32f4xx_hal_can.o(i.HAL_CAN_TxMailbox1CompleteCallback)
    i.HAL_CAN_TxMailbox2AbortCallback        0x08000c78   Section        0  stm32f4xx_hal_can.o(i.HAL_CAN_TxMailbox2AbortCallback)
    i.HAL_CAN_TxMailbox2CompleteCallback     0x08000c7a   Section        0  stm32f4xx_hal_can.o(i.HAL_CAN_TxMailbox2CompleteCallback)
    i.HAL_CAN_WakeUpFromRxMsgCallback        0x08000c7c   Section        0  stm32f4xx_hal_can.o(i.HAL_CAN_WakeUpFromRxMsgCallback)
    i.HAL_DMA_Abort                          0x08000c7e   Section        0  stm32f4xx_hal_dma.o(i.HAL_DMA_Abort)
    i.HAL_DMA_Abort_IT                       0x08000d0c   Section        0  stm32f4xx_hal_dma.o(i.HAL_DMA_Abort_IT)
    i.HAL_DMA_IRQHandler                     0x08000d30   Section        0  stm32f4xx_hal_dma.o(i.HAL_DMA_IRQHandler)
    i.HAL_DMA_Init                           0x08000ed0   Section        0  stm32f4xx_hal_dma.o(i.HAL_DMA_Init)
    i.HAL_DMA_Start                          0x08000fa4   Section        0  stm32f4xx_hal_dma.o(i.HAL_DMA_Start)
    i.HAL_DMA_Start_IT                       0x08000fea   Section        0  stm32f4xx_hal_dma.o(i.HAL_DMA_Start_IT)
    i.HAL_GPIO_Init                          0x08001064   Section        0  stm32f4xx_hal_gpio.o(i.HAL_GPIO_Init)
    i.HAL_GPIO_ReadPin                       0x08001214   Section        0  stm32f4xx_hal_gpio.o(i.HAL_GPIO_ReadPin)
    i.HAL_GetTick                            0x08001220   Section        0  stm32f4xx_hal.o(i.HAL_GetTick)
    i.HAL_IncTick                            0x0800122c   Section        0  stm32f4xx_hal.o(i.HAL_IncTick)
    i.HAL_Init                               0x0800123c   Section        0  stm32f4xx_hal.o(i.HAL_Init)
    i.HAL_InitTick                           0x08001270   Section        0  stm32f4xx_hal_timebase_tim.o(i.HAL_InitTick)
    i.HAL_MspInit                            0x080012e4   Section        0  stm32f4xx_hal_msp.o(i.HAL_MspInit)
    i.HAL_NVIC_EnableIRQ                     0x0800131c   Section        0  stm32f4xx_hal_cortex.o(i.HAL_NVIC_EnableIRQ)
    i.HAL_NVIC_SetPriority                   0x08001334   Section        0  stm32f4xx_hal_cortex.o(i.HAL_NVIC_SetPriority)
    i.HAL_NVIC_SetPriorityGrouping           0x08001374   Section        0  stm32f4xx_hal_cortex.o(i.HAL_NVIC_SetPriorityGrouping)
    i.HAL_RCC_ClockConfig                    0x08001398   Section        0  stm32f4xx_hal_rcc.o(i.HAL_RCC_ClockConfig)
    i.HAL_RCC_GetClockConfig                 0x080014c8   Section        0  stm32f4xx_hal_rcc.o(i.HAL_RCC_GetClockConfig)
    i.HAL_RCC_GetPCLK1Freq                   0x08001508   Section        0  stm32f4xx_hal_rcc.o(i.HAL_RCC_GetPCLK1Freq)
    i.HAL_RCC_GetPCLK2Freq                   0x08001528   Section        0  stm32f4xx_hal_rcc.o(i.HAL_RCC_GetPCLK2Freq)
    i.HAL_RCC_GetSysClockFreq                0x08001548   Section        0  stm32f4xx_hal_rcc.o(i.HAL_RCC_GetSysClockFreq)
    i.HAL_RCC_OscConfig                      0x080015ac   Section        0  stm32f4xx_hal_rcc.o(i.HAL_RCC_OscConfig)
    i.HAL_TIMEx_BreakCallback                0x080018c8   Section        0  stm32f4xx_hal_tim_ex.o(i.HAL_TIMEx_BreakCallback)
    i.HAL_TIMEx_CommutationCallback          0x080018ca   Section        0  stm32f4xx_hal_tim_ex.o(i.HAL_TIMEx_CommutationCallback)
    i.HAL_TIM_Base_Init                      0x080018cc   Section        0  stm32f4xx_hal_tim.o(i.HAL_TIM_Base_Init)
    i.HAL_TIM_Base_MspInit                   0x08001902   Section        0  stm32f4xx_hal_tim.o(i.HAL_TIM_Base_MspInit)
    i.HAL_TIM_Base_Start_IT                  0x08001904   Section        0  stm32f4xx_hal_tim.o(i.HAL_TIM_Base_Start_IT)
    i.HAL_TIM_IC_CaptureCallback             0x0800191c   Section        0  stm32f4xx_hal_tim.o(i.HAL_TIM_IC_CaptureCallback)
    i.HAL_TIM_IRQHandler                     0x0800191e   Section        0  stm32f4xx_hal_tim.o(i.HAL_TIM_IRQHandler)
    i.HAL_TIM_OC_DelayElapsedCallback        0x08001a84   Section        0  stm32f4xx_hal_tim.o(i.HAL_TIM_OC_DelayElapsedCallback)
    i.HAL_TIM_PWM_PulseFinishedCallback      0x08001a86   Section        0  stm32f4xx_hal_tim.o(i.HAL_TIM_PWM_PulseFinishedCallback)
    i.HAL_TIM_PeriodElapsedCallback          0x08001a88   Section        0  main.o(i.HAL_TIM_PeriodElapsedCallback)
    i.HAL_TIM_TriggerCallback                0x08001a9c   Section        0  stm32f4xx_hal_tim.o(i.HAL_TIM_TriggerCallback)
    i.HAL_UART_DMAStop                       0x08001a9e   Section        0  stm32f4xx_hal_uart.o(i.HAL_UART_DMAStop)
    i.HAL_UART_ErrorCallback                 0x08001af6   Section        0  stm32f4xx_hal_uart.o(i.HAL_UART_ErrorCallback)
    i.HAL_UART_IRQHandler                    0x08001af8   Section        0  stm32f4xx_hal_uart.o(i.HAL_UART_IRQHandler)
    i.HAL_UART_Init                          0x08001c08   Section        0  stm32f4xx_hal_uart.o(i.HAL_UART_Init)
    i.HAL_UART_MspInit                       0x08001c6c   Section        0  stm32f4xx_hal_msp.o(i.HAL_UART_MspInit)
    i.HAL_UART_Receive_DMA                   0x08001f28   Section        0  stm32f4xx_hal_uart.o(i.HAL_UART_Receive_DMA)
    i.HAL_UART_RxCpltCallback                0x08001fc0   Section        0  stm32f4xx_hal_uart.o(i.HAL_UART_RxCpltCallback)
    i.HAL_UART_RxHalfCpltCallback            0x08001fc2   Section        0  stm32f4xx_hal_uart.o(i.HAL_UART_RxHalfCpltCallback)
    i.HAL_UART_Transmit_DMA                  0x08001fc4   Section        0  stm32f4xx_hal_uart.o(i.HAL_UART_Transmit_DMA)
    i.HAL_UART_TxCpltCallback                0x08002044   Section        0  stm32f4xx_hal_uart.o(i.HAL_UART_TxCpltCallback)
    i.HAL_UART_TxHalfCpltCallback            0x08002046   Section        0  stm32f4xx_hal_uart.o(i.HAL_UART_TxHalfCpltCallback)
    i.HardFault_Handler                      0x08002048   Section        0  stm32f4xx_it.o(i.HardFault_Handler)
    i.MODE_MODIFICATION                      0x0800204c   Section        0  gcs_debug.o(i.MODE_MODIFICATION)
    i.MX_CAN1_Init                           0x0800210c   Section        0  main.o(i.MX_CAN1_Init)
    MX_CAN1_Init                             0x0800210d   Thumb Code    44  main.o(i.MX_CAN1_Init)
    i.MX_DMA_Init                            0x08002140   Section        0  main.o(i.MX_DMA_Init)
    MX_DMA_Init                              0x08002141   Thumb Code   136  main.o(i.MX_DMA_Init)
    i.MX_GPIO_Init                           0x080021cc   Section        0  main.o(i.MX_GPIO_Init)
    MX_GPIO_Init                             0x080021cd   Thumb Code    84  main.o(i.MX_GPIO_Init)
    i.MX_USART1_UART_Init                    0x08002228   Section        0  main.o(i.MX_USART1_UART_Init)
    MX_USART1_UART_Init                      0x08002229   Thumb Code    70  main.o(i.MX_USART1_UART_Init)
    i.MemManage_Handler                      0x08002278   Section        0  stm32f4xx_it.o(i.MemManage_Handler)
    i.NMI_Handler                            0x0800227a   Section        0  stm32f4xx_it.o(i.NMI_Handler)
    i.NVIC_SetPriority                       0x0800227c   Section        0  stm32f4xx_hal_cortex.o(i.NVIC_SetPriority)
    NVIC_SetPriority                         0x0800227d   Thumb Code    32  stm32f4xx_hal_cortex.o(i.NVIC_SetPriority)
    i.PARAMETER_Change_float                 0x0800229c   Section        0  gcs_debug.o(i.PARAMETER_Change_float)
    i.PARAMETER_MODIFICATION                 0x080022bc   Section        0  gcs_debug.o(i.PARAMETER_MODIFICATION)
    i.RecHandle                              0x0800233c   Section        0  gcs_debug.o(i.RecHandle)
    i.Sent_Contorl                           0x08002438   Section        0  gcs_debug.o(i.Sent_Contorl)
    i.StartDefaultTask                       0x0800245c   Section        0  main.o(i.StartDefaultTask)
    i.StartTask02                            0x08002464   Section        0  main.o(i.StartTask02)
    i.StartTask03                            0x08002488   Section        0  main.o(i.StartTask03)
    i.StartTask04                            0x080026cc   Section        0  main.o(i.StartTask04)
    i.SysTick_Handler                        0x08002724   Section        0  port.o(i.SysTick_Handler)
    i.SystemClock_Config                     0x08002750   Section        0  main.o(i.SystemClock_Config)
    i.SystemInit                             0x080027d8   Section        0  system_stm32f4xx.o(i.SystemInit)
    i.TIM1_UP_TIM10_IRQHandler               0x0800282c   Section        0  stm32f4xx_it.o(i.TIM1_UP_TIM10_IRQHandler)
    i.TIM_Base_SetConfig                     0x08002838   Section        0  stm32f4xx_hal_tim.o(i.TIM_Base_SetConfig)
    i.UART4_IRQHandler                       0x080028f8   Section        0  stm32f4xx_it.o(i.UART4_IRQHandler)
    i.UART_DMAAbortOnError                   0x08002904   Section        0  stm32f4xx_hal_uart.o(i.UART_DMAAbortOnError)
    UART_DMAAbortOnError                     0x08002905   Thumb Code    16  stm32f4xx_hal_uart.o(i.UART_DMAAbortOnError)
    i.UART_DMAError                          0x08002914   Section        0  stm32f4xx_hal_uart.o(i.UART_DMAError)
    UART_DMAError                            0x08002915   Thumb Code    74  stm32f4xx_hal_uart.o(i.UART_DMAError)
    i.UART_DMAReceiveCplt                    0x0800295e   Section        0  stm32f4xx_hal_uart.o(i.UART_DMAReceiveCplt)
    UART_DMAReceiveCplt                      0x0800295f   Thumb Code    60  stm32f4xx_hal_uart.o(i.UART_DMAReceiveCplt)
    i.UART_DMARxHalfCplt                     0x0800299a   Section        0  stm32f4xx_hal_uart.o(i.UART_DMARxHalfCplt)
    UART_DMARxHalfCplt                       0x0800299b   Thumb Code    10  stm32f4xx_hal_uart.o(i.UART_DMARxHalfCplt)
    i.UART_DMATransmitCplt                   0x080029a4   Section        0  stm32f4xx_hal_uart.o(i.UART_DMATransmitCplt)
    UART_DMATransmitCplt                     0x080029a5   Thumb Code    46  stm32f4xx_hal_uart.o(i.UART_DMATransmitCplt)
    i.UART_DMATxHalfCplt                     0x080029d2   Section        0  stm32f4xx_hal_uart.o(i.UART_DMATxHalfCplt)
    UART_DMATxHalfCplt                       0x080029d3   Thumb Code    10  stm32f4xx_hal_uart.o(i.UART_DMATxHalfCplt)
    i.UART_EndRxTransfer                     0x080029dc   Section        0  stm32f4xx_hal_uart.o(i.UART_EndRxTransfer)
    UART_EndRxTransfer                       0x080029dd   Thumb Code    28  stm32f4xx_hal_uart.o(i.UART_EndRxTransfer)
    i.UART_EndTxTransfer                     0x080029f8   Section        0  stm32f4xx_hal_uart.o(i.UART_EndTxTransfer)
    UART_EndTxTransfer                       0x080029f9   Thumb Code    18  stm32f4xx_hal_uart.o(i.UART_EndTxTransfer)
    i.UART_Receive_IT                        0x08002a0a   Section        0  stm32f4xx_hal_uart.o(i.UART_Receive_IT)
    UART_Receive_IT                          0x08002a0b   Thumb Code   140  stm32f4xx_hal_uart.o(i.UART_Receive_IT)
    i.UART_SetConfig                         0x08002a98   Section        0  stm32f4xx_hal_uart.o(i.UART_SetConfig)
    UART_SetConfig                           0x08002a99   Thumb Code   676  stm32f4xx_hal_uart.o(i.UART_SetConfig)
    i.UART_Transmit_IT                       0x08002d44   Section        0  stm32f4xx_hal_uart.o(i.UART_Transmit_IT)
    UART_Transmit_IT                         0x08002d45   Thumb Code    98  stm32f4xx_hal_uart.o(i.UART_Transmit_IT)
    i.USART1_IRQHandler                      0x08002da8   Section        0  stm32f4xx_it.o(i.USART1_IRQHandler)
    i.USART2_IRQHandler                      0x08002e14   Section        0  stm32f4xx_it.o(i.USART2_IRQHandler)
    i.UsageFault_Handler                     0x08002e3c   Section        0  stm32f4xx_it.o(i.UsageFault_Handler)
    i.__scatterload_copy                     0x08002e3e   Section       14  handlers.o(i.__scatterload_copy)
    i.__scatterload_null                     0x08002e4c   Section        2  handlers.o(i.__scatterload_null)
    i.__scatterload_zeroinit                 0x08002e4e   Section       14  handlers.o(i.__scatterload_zeroinit)
    i.abs_limit                              0x08002e5c   Section        0  pid.o(i.abs_limit)
    i.data_config                            0x08002e86   Section        0  dr_16.o(i.data_config)
    i.dr16_uart_init                         0x08002ed4   Section        0  drv_dr16.o(i.dr16_uart_init)
    i.dr16_uart_rx_data_handle               0x08002f24   Section        0  drv_dr16.o(i.dr16_uart_rx_data_handle)
    i.get_total_angle                        0x08002f74   Section        0  pid.o(i.get_total_angle)
    i.main                                   0x08002fb0   Section        0  main.o(i.main)
    i.makeFreeRtosPriority                   0x0800309c   Section        0  cmsis_os.o(i.makeFreeRtosPriority)
    makeFreeRtosPriority                     0x0800309d   Thumb Code    12  cmsis_os.o(i.makeFreeRtosPriority)
    i.my_can_filter_init_recv_all            0x080030a8   Section        0  can.o(i.my_can_filter_init_recv_all)
    i.osDelay                                0x080030e0   Section        0  cmsis_os.o(i.osDelay)
    i.osKernelStart                          0x080030ee   Section        0  cmsis_os.o(i.osKernelStart)
    i.osMessageCreate                        0x080030f8   Section        0  cmsis_os.o(i.osMessageCreate)
    i.osThreadCreate                         0x08003100   Section        0  cmsis_os.o(i.osThreadCreate)
    i.pid_calc                               0x08003130   Section        0  pid.o(i.pid_calc)
    i.pid_param_init                         0x08003250   Section        0  pid.o(i.pid_param_init)
    i.prvAddCurrentTaskToDelayedList         0x0800325c   Section        0  tasks.o(i.prvAddCurrentTaskToDelayedList)
    prvAddCurrentTaskToDelayedList           0x0800325d   Thumb Code   102  tasks.o(i.prvAddCurrentTaskToDelayedList)
    i.prvAddNewTaskToReadyList               0x080032cc   Section        0  tasks.o(i.prvAddNewTaskToReadyList)
    prvAddNewTaskToReadyList                 0x080032cd   Thumb Code   194  tasks.o(i.prvAddNewTaskToReadyList)
    i.prvCheckTasksWaitingTermination        0x0800339c   Section        0  tasks.o(i.prvCheckTasksWaitingTermination)
    prvCheckTasksWaitingTermination          0x0800339d   Thumb Code    70  tasks.o(i.prvCheckTasksWaitingTermination)
    i.prvDeleteTCB                           0x080033ec   Section        0  tasks.o(i.prvDeleteTCB)
    prvDeleteTCB                             0x080033ed   Thumb Code    20  tasks.o(i.prvDeleteTCB)
    i.prvHeapInit                            0x08003400   Section        0  heap_4.o(i.prvHeapInit)
    prvHeapInit                              0x08003401   Thumb Code    66  heap_4.o(i.prvHeapInit)
    i.prvIdleTask                            0x0800344c   Section        0  tasks.o(i.prvIdleTask)
    prvIdleTask                              0x0800344d   Thumb Code    30  tasks.o(i.prvIdleTask)
    i.prvInitialiseNewTask                   0x08003474   Section        0  tasks.o(i.prvInitialiseNewTask)
    prvInitialiseNewTask                     0x08003475   Thumb Code   142  tasks.o(i.prvInitialiseNewTask)
    i.prvInsertBlockIntoFreeList             0x08003504   Section        0  heap_4.o(i.prvInsertBlockIntoFreeList)
    prvInsertBlockIntoFreeList               0x08003505   Thumb Code    72  heap_4.o(i.prvInsertBlockIntoFreeList)
    i.prvResetNextTaskUnblockTime            0x08003550   Section        0  tasks.o(i.prvResetNextTaskUnblockTime)
    prvResetNextTaskUnblockTime              0x08003551   Thumb Code    26  tasks.o(i.prvResetNextTaskUnblockTime)
    i.prvTaskExitError                       0x08003570   Section        0  port.o(i.prvTaskExitError)
    prvTaskExitError                         0x08003571   Thumb Code    36  port.o(i.prvTaskExitError)
    i.pvPortMalloc                           0x08003598   Section        0  heap_4.o(i.pvPortMalloc)
    i.pxPortInitialiseStack                  0x08003670   Section        0  port.o(i.pxPortInitialiseStack)
    i.set_moto_current                       0x0800369c   Section        0  can.o(i.set_moto_current)
    i.uxListRemove                           0x080036f0   Section        0  list.o(i.uxListRemove)
    i.vListInitialise                        0x08003714   Section        0  list.o(i.vListInitialise)
    i.vListInitialiseItem                    0x0800372a   Section        0  list.o(i.vListInitialiseItem)
    i.vListInsert                            0x08003730   Section        0  list.o(i.vListInsert)
    i.vListInsertEnd                         0x08003760   Section        0  list.o(i.vListInsertEnd)
    i.vPortEnterCritical                     0x08003778   Section        0  port.o(i.vPortEnterCritical)
    i.vPortExitCritical                      0x080037b8   Section        0  port.o(i.vPortExitCritical)
    i.vPortFree                              0x080037e0   Section        0  heap_4.o(i.vPortFree)
    i.vPortSetupTimerInterrupt               0x0800383c   Section        0  port.o(i.vPortSetupTimerInterrupt)
    i.vTaskDelay                             0x0800385c   Section        0  tasks.o(i.vTaskDelay)
    i.vTaskStartScheduler                    0x080038a8   Section        0  tasks.o(i.vTaskStartScheduler)
    i.vTaskSuspendAll                        0x08003910   Section        0  tasks.o(i.vTaskSuspendAll)
    i.vTaskSwitchContext                     0x08003920   Section        0  tasks.o(i.vTaskSwitchContext)
    i.xPortStartScheduler                    0x0800397c   Section        0  port.o(i.xPortStartScheduler)
    i.xQueueGenericCreate                    0x08003a5c   Section        0  queue.o(i.xQueueGenericCreate)
    i.xQueueGenericReset                     0x08003aa4   Section        0  queue.o(i.xQueueGenericReset)
    i.xTaskCreate                            0x08003b2c   Section        0  tasks.o(i.xTaskCreate)
    i.xTaskIncrementTick                     0x08003b84   Section        0  tasks.o(i.xTaskIncrementTick)
    i.xTaskRemoveFromEventList               0x08003c4c   Section        0  tasks.o(i.xTaskRemoveFromEventList)
    i.xTaskResumeAll                         0x08003cc0   Section        0  tasks.o(i.xTaskResumeAll)
    .constdata                               0x08003d84   Section       88  main.o(.constdata)
    .constdata                               0x08003ddc   Section        8  stm32f4xx_hal_dma.o(.constdata)
    flagBitshiftOffset                       0x08003ddc   Data           8  stm32f4xx_hal_dma.o(.constdata)
    .constdata                               0x08003de4   Section       16  system_stm32f4xx.o(.constdata)
    .constdata                               0x08003df4   Section        8  system_stm32f4xx.o(.constdata)
    .conststring                             0x08003dfc   Section       48  main.o(.conststring)
    .data                                    0x20000000   Section        1  main.o(.data)
    .data                                    0x20000001   Section        1  main.o(.data)
    .data                                    0x20000004   Section       40  main.o(.data)
    .data                                    0x2000002c   Section       12  stm32f4xx_hal.o(.data)
    .data                                    0x20000038   Section        4  system_stm32f4xx.o(.data)
    .data                                    0x2000003c   Section       60  tasks.o(.data)
    uxDeletedTasksWaitingCleanUp             0x20000040   Data           4  tasks.o(.data)
    uxCurrentNumberOfTasks                   0x20000044   Data           4  tasks.o(.data)
    xTickCount                               0x20000048   Data           4  tasks.o(.data)
    uxTopReadyPriority                       0x2000004c   Data           4  tasks.o(.data)
    xSchedulerRunning                        0x20000050   Data           4  tasks.o(.data)
    uxPendedTicks                            0x20000054   Data           4  tasks.o(.data)
    xYieldPending                            0x20000058   Data           4  tasks.o(.data)
    xNumOfOverflows                          0x2000005c   Data           4  tasks.o(.data)
    uxTaskNumber                             0x20000060   Data           4  tasks.o(.data)
    xNextTaskUnblockTime                     0x20000064   Data           4  tasks.o(.data)
    xIdleTaskHandle                          0x20000068   Data           4  tasks.o(.data)
    uxSchedulerSuspended                     0x2000006c   Data           4  tasks.o(.data)
    pxDelayedTaskList                        0x20000070   Data           4  tasks.o(.data)
    pxOverflowDelayedTaskList                0x20000074   Data           4  tasks.o(.data)
    .data                                    0x20000078   Section       24  heap_4.o(.data)
    pxEnd                                    0x20000078   Data           4  heap_4.o(.data)
    xFreeBytesRemaining                      0x2000007c   Data           4  heap_4.o(.data)
    xMinimumEverFreeBytesRemaining           0x20000080   Data           4  heap_4.o(.data)
    xBlockAllocatedBit                       0x20000084   Data           4  heap_4.o(.data)
    xStart                                   0x20000088   Data           8  heap_4.o(.data)
    .data                                    0x20000090   Section       12  port.o(.data)
    ucMaxSysCallPriority                     0x20000090   Data           1  port.o(.data)
    uxCriticalNesting                        0x20000094   Data           4  port.o(.data)
    ulMaxPRIGROUPValue                       0x20000098   Data           4  port.o(.data)
    .data                                    0x2000009c   Section        2  can.o(.data)
    .data                                    0x2000009e   Section        4  can.o(.data)
    .data                                    0x200000a4   Section       34  gcs_debug.o(.data)
    .bss                                     0x200000c8   Section      728  main.o(.bss)
    .bss                                     0x200003a0   Section       96  main.o(.bss)
    .bss                                     0x20000400   Section       96  main.o(.bss)
    .bss                                     0x20000460   Section       96  main.o(.bss)
    .bss                                     0x200004c0   Section       96  main.o(.bss)
    .bss                                     0x20000520   Section       96  main.o(.bss)
    .bss                                     0x20000580   Section       96  main.o(.bss)
    .bss                                     0x200005e0   Section       50  stm32f4xx_it.o(.bss)
    .bss                                     0x20000614   Section       60  stm32f4xx_hal_timebase_tim.o(.bss)
    .bss                                     0x20000650   Section      240  tasks.o(.bss)
    pxReadyTasksLists                        0x20000650   Data         140  tasks.o(.bss)
    xDelayedTaskList1                        0x200006dc   Data          20  tasks.o(.bss)
    xDelayedTaskList2                        0x200006f0   Data          20  tasks.o(.bss)
    xPendingReadyList                        0x20000704   Data          20  tasks.o(.bss)
    xTasksWaitingTermination                 0x20000718   Data          20  tasks.o(.bss)
    xSuspendedTaskList                       0x2000072c   Data          20  tasks.o(.bss)
    .bss                                     0x20000740   Section    15360  heap_4.o(.bss)
    ucHeap                                   0x20000740   Data       15360  heap_4.o(.bss)
    .bss                                     0x20004340   Section       44  gcs_debug.o(.bss)
    .bss                                     0x2000436c   Section       24  dr_16.o(.bss)
    STACK                                    0x20004388   Section     1024  startup_stm32f405xx.o(STACK)

    Global Symbols

    Symbol Name                              Value     Ov Type        Size  Object(Section)

    BuildAttributes$$THM_ISAv4$E$P$D$K$B$S$7EM$VFPi3$EXTD16$VFPS$VFMA$PE$A:L22UL41UL21$X:L11$S22US41US21$IEEE1$IW$USESV6$~STKCKD$USESV7$~SHL$OSPACE$EBA8$MICROLIB$REQ8$PRES8$EABIv2 0x00000000   Number         0  anon$$obj.o ABSOLUTE
    __ARM_use_no_argv                        0x00000000   Number         0  main.o ABSOLUTE
    __cpp_initialize__aeabi_                  - Undefined Weak Reference
    __cxa_finalize                            - Undefined Weak Reference
    __decompress                              - Undefined Weak Reference
    _clock_init                               - Undefined Weak Reference
    _microlib_exit                            - Undefined Weak Reference
    __Vectors_Size                           0x00000188   Number         0  startup_stm32f405xx.o ABSOLUTE
    __Vectors                                0x08000000   Data           4  startup_stm32f405xx.o(RESET)
    __Vectors_End                            0x08000188   Data           0  startup_stm32f405xx.o(RESET)
    __main                                   0x08000189   Thumb Code     0  entry.o(.ARM.Collect$$$$00000000)
    _main_stk                                0x08000189   Thumb Code     0  entry2.o(.ARM.Collect$$$$00000001)
    _main_scatterload                        0x0800018d   Thumb Code     0  entry5.o(.ARM.Collect$$$$00000004)
    __main_after_scatterload                 0x08000191   Thumb Code     0  entry5.o(.ARM.Collect$$$$00000004)
    _main_clock                              0x08000191   Thumb Code     0  entry7b.o(.ARM.Collect$$$$00000008)
    _main_cpp_init                           0x08000191   Thumb Code     0  entry8b.o(.ARM.Collect$$$$0000000A)
    _main_init                               0x08000191   Thumb Code     0  entry9a.o(.ARM.Collect$$$$0000000B)
    __rt_final_cpp                           0x08000199   Thumb Code     0  entry10a.o(.ARM.Collect$$$$0000000D)
    __rt_final_exit                          0x08000199   Thumb Code     0  entry11a.o(.ARM.Collect$$$$0000000F)
    SVC_Handler                              0x0800019d   Thumb Code    28  port.o(.emb_text)
    __asm___6_port_c_39a90d8d__prvStartFirstTask 0x080001bd   Thumb Code    28  port.o(.emb_text)
    __asm___6_port_c_39a90d8d__prvEnableVFP  0x080001dd   Thumb Code    16  port.o(.emb_text)
    PendSV_Handler                           0x080001f1   Thumb Code    92  port.o(.emb_text)
    vPortGetIPSR                             0x08000251   Thumb Code     6  port.o(.emb_text)
    Reset_Handler                            0x08000259   Thumb Code     8  startup_stm32f405xx.o(.text)
    ADC_IRQHandler                           0x08000273   Thumb Code     0  startup_stm32f405xx.o(.text)
    CAN1_RX1_IRQHandler                      0x08000273   Thumb Code     0  startup_stm32f405xx.o(.text)
    CAN1_SCE_IRQHandler                      0x08000273   Thumb Code     0  startup_stm32f405xx.o(.text)
    CAN1_TX_IRQHandler                       0x08000273   Thumb Code     0  startup_stm32f405xx.o(.text)
    CAN2_RX0_IRQHandler                      0x08000273   Thumb Code     0  startup_stm32f405xx.o(.text)
    CAN2_RX1_IRQHandler                      0x08000273   Thumb Code     0  startup_stm32f405xx.o(.text)
    CAN2_SCE_IRQHandler                      0x08000273   Thumb Code     0  startup_stm32f405xx.o(.text)
    CAN2_TX_IRQHandler                       0x08000273   Thumb Code     0  startup_stm32f405xx.o(.text)
    DMA1_Stream0_IRQHandler                  0x08000273   Thumb Code     0  startup_stm32f405xx.o(.text)
    DMA1_Stream1_IRQHandler                  0x08000273   Thumb Code     0  startup_stm32f405xx.o(.text)
    DMA1_Stream3_IRQHandler                  0x08000273   Thumb Code     0  startup_stm32f405xx.o(.text)
    DMA1_Stream7_IRQHandler                  0x08000273   Thumb Code     0  startup_stm32f405xx.o(.text)
    DMA2_Stream0_IRQHandler                  0x08000273   Thumb Code     0  startup_stm32f405xx.o(.text)
    DMA2_Stream1_IRQHandler                  0x08000273   Thumb Code     0  startup_stm32f405xx.o(.text)
    DMA2_Stream3_IRQHandler                  0x08000273   Thumb Code     0  startup_stm32f405xx.o(.text)
    DMA2_Stream4_IRQHandler                  0x08000273   Thumb Code     0  startup_stm32f405xx.o(.text)
    DMA2_Stream5_IRQHandler                  0x08000273   Thumb Code     0  startup_stm32f405xx.o(.text)
    DMA2_Stream6_IRQHandler                  0x08000273   Thumb Code     0  startup_stm32f405xx.o(.text)
    EXTI0_IRQHandler                         0x08000273   Thumb Code     0  startup_stm32f405xx.o(.text)
    EXTI15_10_IRQHandler                     0x08000273   Thumb Code     0  startup_stm32f405xx.o(.text)
    EXTI1_IRQHandler                         0x08000273   Thumb Code     0  startup_stm32f405xx.o(.text)
    EXTI2_IRQHandler                         0x08000273   Thumb Code     0  startup_stm32f405xx.o(.text)
    EXTI3_IRQHandler                         0x08000273   Thumb Code     0  startup_stm32f405xx.o(.text)
    EXTI4_IRQHandler                         0x08000273   Thumb Code     0  startup_stm32f405xx.o(.text)
    EXTI9_5_IRQHandler                       0x08000273   Thumb Code     0  startup_stm32f405xx.o(.text)
    FLASH_IRQHandler                         0x08000273   Thumb Code     0  startup_stm32f405xx.o(.text)
    FMC_IRQHandler                           0x08000273   Thumb Code     0  startup_stm32f405xx.o(.text)
    FPU_IRQHandler                           0x08000273   Thumb Code     0  startup_stm32f405xx.o(.text)
    HASH_RNG_IRQHandler                      0x08000273   Thumb Code     0  startup_stm32f405xx.o(.text)
    I2C1_ER_IRQHandler                       0x08000273   Thumb Code     0  startup_stm32f405xx.o(.text)
    I2C1_EV_IRQHandler                       0x08000273   Thumb Code     0  startup_stm32f405xx.o(.text)
    I2C2_ER_IRQHandler                       0x08000273   Thumb Code     0  startup_stm32f405xx.o(.text)
    I2C2_EV_IRQHandler                       0x08000273   Thumb Code     0  startup_stm32f405xx.o(.text)
    I2C3_ER_IRQHandler                       0x08000273   Thumb Code     0  startup_stm32f405xx.o(.text)
    I2C3_EV_IRQHandler                       0x08000273   Thumb Code     0  startup_stm32f405xx.o(.text)
    OTG_FS_IRQHandler                        0x08000273   Thumb Code     0  startup_stm32f405xx.o(.text)
    OTG_FS_WKUP_IRQHandler                   0x08000273   Thumb Code     0  startup_stm32f405xx.o(.text)
    OTG_HS_EP1_IN_IRQHandler                 0x08000273   Thumb Code     0  startup_stm32f405xx.o(.text)
    OTG_HS_EP1_OUT_IRQHandler                0x08000273   Thumb Code     0  startup_stm32f405xx.o(.text)
    OTG_HS_IRQHandler                        0x08000273   Thumb Code     0  startup_stm32f405xx.o(.text)
    OTG_HS_WKUP_IRQHandler                   0x08000273   Thumb Code     0  startup_stm32f405xx.o(.text)
    PVD_IRQHandler                           0x08000273   Thumb Code     0  startup_stm32f405xx.o(.text)
    RCC_IRQHandler                           0x08000273   Thumb Code     0  startup_stm32f405xx.o(.text)
    RTC_Alarm_IRQHandler                     0x08000273   Thumb Code     0  startup_stm32f405xx.o(.text)
    RTC_WKUP_IRQHandler                      0x08000273   Thumb Code     0  startup_stm32f405xx.o(.text)
    SDIO_IRQHandler                          0x08000273   Thumb Code     0  startup_stm32f405xx.o(.text)
    SPI1_IRQHandler                          0x08000273   Thumb Code     0  startup_stm32f405xx.o(.text)
    SPI2_IRQHandler                          0x08000273   Thumb Code     0  startup_stm32f405xx.o(.text)
    SPI3_IRQHandler                          0x08000273   Thumb Code     0  startup_stm32f405xx.o(.text)
    TAMP_STAMP_IRQHandler                    0x08000273   Thumb Code     0  startup_stm32f405xx.o(.text)
    TIM1_BRK_TIM9_IRQHandler                 0x08000273   Thumb Code     0  startup_stm32f405xx.o(.text)
    TIM1_CC_IRQHandler                       0x08000273   Thumb Code     0  startup_stm32f405xx.o(.text)
    TIM1_TRG_COM_TIM11_IRQHandler            0x08000273   Thumb Code     0  startup_stm32f405xx.o(.text)
    TIM2_IRQHandler                          0x08000273   Thumb Code     0  startup_stm32f405xx.o(.text)
    TIM3_IRQHandler                          0x08000273   Thumb Code     0  startup_stm32f405xx.o(.text)
    TIM4_IRQHandler                          0x08000273   Thumb Code     0  startup_stm32f405xx.o(.text)
    TIM5_IRQHandler                          0x08000273   Thumb Code     0  startup_stm32f405xx.o(.text)
    TIM6_DAC_IRQHandler                      0x08000273   Thumb Code     0  startup_stm32f405xx.o(.text)
    TIM7_IRQHandler                          0x08000273   Thumb Code     0  startup_stm32f405xx.o(.text)
    TIM8_BRK_TIM12_IRQHandler                0x08000273   Thumb Code     0  startup_stm32f405xx.o(.text)
    TIM8_CC_IRQHandler                       0x08000273   Thumb Code     0  startup_stm32f405xx.o(.text)
    TIM8_TRG_COM_TIM14_IRQHandler            0x08000273   Thumb Code     0  startup_stm32f405xx.o(.text)
    TIM8_UP_TIM13_IRQHandler                 0x08000273   Thumb Code     0  startup_stm32f405xx.o(.text)
    UART5_IRQHandler                         0x08000273   Thumb Code     0  startup_stm32f405xx.o(.text)
    USART3_IRQHandler                        0x08000273   Thumb Code     0  startup_stm32f405xx.o(.text)
    USART6_IRQHandler                        0x08000273   Thumb Code     0  startup_stm32f405xx.o(.text)
    WWDG_IRQHandler                          0x08000273   Thumb Code     0  startup_stm32f405xx.o(.text)
    __aeabi_uldivmod                         0x0800027d   Thumb Code    98  uldiv.o(.text)
    __aeabi_memcpy                           0x080002df   Thumb Code    36  memcpya.o(.text)
    __aeabi_memcpy4                          0x080002df   Thumb Code     0  memcpya.o(.text)
    __aeabi_memcpy8                          0x080002df   Thumb Code     0  memcpya.o(.text)
    __aeabi_memset                           0x08000303   Thumb Code    14  memseta.o(.text)
    __aeabi_memset4                          0x08000303   Thumb Code     0  memseta.o(.text)
    __aeabi_memset8                          0x08000303   Thumb Code     0  memseta.o(.text)
    __aeabi_memclr                           0x08000311   Thumb Code     4  memseta.o(.text)
    __aeabi_memclr4                          0x08000311   Thumb Code     0  memseta.o(.text)
    __aeabi_memclr8                          0x08000311   Thumb Code     0  memseta.o(.text)
    _memset$wrapper                          0x08000315   Thumb Code    18  memseta.o(.text)
    __aeabi_llsl                             0x08000327   Thumb Code    30  llshl.o(.text)
    _ll_shift_l                              0x08000327   Thumb Code     0  llshl.o(.text)
    __aeabi_llsr                             0x08000345   Thumb Code    32  llushr.o(.text)
    _ll_ushift_r                             0x08000345   Thumb Code     0  llushr.o(.text)
    __scatterload                            0x08000365   Thumb Code    28  init.o(.text)
    __scatterload_rt2                        0x08000365   Thumb Code     0  init.o(.text)
    BusFault_Handler                         0x08000389   Thumb Code     2  stm32f4xx_it.o(i.BusFault_Handler)
    CAN1_RX0_IRQHandler                      0x0800038d   Thumb Code     6  stm32f4xx_it.o(i.CAN1_RX0_IRQHandler)
    DMA1_Stream2_IRQHandler                  0x08000399   Thumb Code     6  stm32f4xx_it.o(i.DMA1_Stream2_IRQHandler)
    DMA1_Stream4_IRQHandler                  0x080003a5   Thumb Code     6  stm32f4xx_it.o(i.DMA1_Stream4_IRQHandler)
    DMA1_Stream5_IRQHandler                  0x080003b1   Thumb Code     6  stm32f4xx_it.o(i.DMA1_Stream5_IRQHandler)
    DMA1_Stream6_IRQHandler                  0x080003bd   Thumb Code     6  stm32f4xx_it.o(i.DMA1_Stream6_IRQHandler)
    DMA2_Stream2_IRQHandler                  0x080003c9   Thumb Code     6  stm32f4xx_it.o(i.DMA2_Stream2_IRQHandler)
    DMA2_Stream7_IRQHandler                  0x080003d5   Thumb Code     6  stm32f4xx_it.o(i.DMA2_Stream7_IRQHandler)
    DebugMon_Handler                         0x08000485   Thumb Code     2  stm32f4xx_it.o(i.DebugMon_Handler)
    Error_Handler                            0x08000487   Thumb Code     2  main.o(i.Error_Handler)
    GCSDebug_Sent_Choose                     0x08000489   Thumb Code    68  gcs_debug.o(i.GCSDebug_Sent_Choose)
    GCSDebug_Sent_Set                        0x080004dd   Thumb Code    44  gcs_debug.o(i.GCSDebug_Sent_Set)
    HAL_CAN_ActivateNotification             0x0800050d   Thumb Code    40  stm32f4xx_hal_can.o(i.HAL_CAN_ActivateNotification)
    HAL_CAN_AddTxMessage                     0x08000535   Thumb Code   200  stm32f4xx_hal_can.o(i.HAL_CAN_AddTxMessage)
    HAL_CAN_ConfigFilter                     0x080005fd   Thumb Code   262  stm32f4xx_hal_can.o(i.HAL_CAN_ConfigFilter)
    HAL_CAN_ErrorCallback                    0x08000709   Thumb Code     2  stm32f4xx_hal_can.o(i.HAL_CAN_ErrorCallback)
    HAL_CAN_GetRxMessage                     0x0800070b   Thumb Code   250  stm32f4xx_hal_can.o(i.HAL_CAN_GetRxMessage)
    HAL_CAN_IRQHandler                       0x08000805   Thumb Code   508  stm32f4xx_hal_can.o(i.HAL_CAN_IRQHandler)
    HAL_CAN_Init                             0x08000a01   Thumb Code   282  stm32f4xx_hal_can.o(i.HAL_CAN_Init)
    HAL_CAN_MspInit                          0x08000b1d   Thumb Code   110  stm32f4xx_hal_msp.o(i.HAL_CAN_MspInit)
    HAL_CAN_RxFifo0FullCallback              0x08000b99   Thumb Code     2  stm32f4xx_hal_can.o(i.HAL_CAN_RxFifo0FullCallback)
    HAL_CAN_RxFifo0MsgPendingCallback        0x08000b9d   Thumb Code   104  can.o(i.HAL_CAN_RxFifo0MsgPendingCallback)
    HAL_CAN_RxFifo1FullCallback              0x08000c11   Thumb Code     2  stm32f4xx_hal_can.o(i.HAL_CAN_RxFifo1FullCallback)
    HAL_CAN_RxFifo1MsgPendingCallback        0x08000c13   Thumb Code     2  stm32f4xx_hal_can.o(i.HAL_CAN_RxFifo1MsgPendingCallback)
    HAL_CAN_SleepCallback                    0x08000c15   Thumb Code     2  stm32f4xx_hal_can.o(i.HAL_CAN_SleepCallback)
    HAL_CAN_Start                            0x08000c19   Thumb Code    88  stm32f4xx_hal_can.o(i.HAL_CAN_Start)
    HAL_CAN_TxMailbox0AbortCallback          0x08000c71   Thumb Code     2  stm32f4xx_hal_can.o(i.HAL_CAN_TxMailbox0AbortCallback)
    HAL_CAN_TxMailbox0CompleteCallback       0x08000c73   Thumb Code     2  stm32f4xx_hal_can.o(i.HAL_CAN_TxMailbox0CompleteCallback)
    HAL_CAN_TxMailbox1AbortCallback          0x08000c75   Thumb Code     2  stm32f4xx_hal_can.o(i.HAL_CAN_TxMailbox1AbortCallback)
    HAL_CAN_TxMailbox1CompleteCallback       0x08000c77   Thumb Code     2  stm32f4xx_hal_can.o(i.HAL_CAN_TxMailbox1CompleteCallback)
    HAL_CAN_TxMailbox2AbortCallback          0x08000c79   Thumb Code     2  stm32f4xx_hal_can.o(i.HAL_CAN_TxMailbox2AbortCallback)
    HAL_CAN_TxMailbox2CompleteCallback       0x08000c7b   Thumb Code     2  stm32f4xx_hal_can.o(i.HAL_CAN_TxMailbox2CompleteCallback)
    HAL_CAN_WakeUpFromRxMsgCallback          0x08000c7d   Thumb Code     2  stm32f4xx_hal_can.o(i.HAL_CAN_WakeUpFromRxMsgCallback)
    HAL_DMA_Abort                            0x08000c7f   Thumb Code   142  stm32f4xx_hal_dma.o(i.HAL_DMA_Abort)
    HAL_DMA_Abort_IT                         0x08000d0d   Thumb Code    36  stm32f4xx_hal_dma.o(i.HAL_DMA_Abort_IT)
    HAL_DMA_IRQHandler                       0x08000d31   Thumb Code   412  stm32f4xx_hal_dma.o(i.HAL_DMA_IRQHandler)
    HAL_DMA_Init                             0x08000ed1   Thumb Code   206  stm32f4xx_hal_dma.o(i.HAL_DMA_Init)
    HAL_DMA_Start                            0x08000fa5   Thumb Code    70  stm32f4xx_hal_dma.o(i.HAL_DMA_Start)
    HAL_DMA_Start_IT                         0x08000feb   Thumb Code   120  stm32f4xx_hal_dma.o(i.HAL_DMA_Start_IT)
    HAL_GPIO_Init                            0x08001065   Thumb Code   388  stm32f4xx_hal_gpio.o(i.HAL_GPIO_Init)
    HAL_GPIO_ReadPin                         0x08001215   Thumb Code    10  stm32f4xx_hal_gpio.o(i.HAL_GPIO_ReadPin)
    HAL_GetTick                              0x08001221   Thumb Code     6  stm32f4xx_hal.o(i.HAL_GetTick)
    HAL_IncTick                              0x0800122d   Thumb Code    12  stm32f4xx_hal.o(i.HAL_IncTick)
    HAL_Init                                 0x0800123d   Thumb Code    48  stm32f4xx_hal.o(i.HAL_Init)
    HAL_InitTick                             0x08001271   Thumb Code   100  stm32f4xx_hal_timebase_tim.o(i.HAL_InitTick)
    HAL_MspInit                              0x080012e5   Thumb Code    52  stm32f4xx_hal_msp.o(i.HAL_MspInit)
    HAL_NVIC_EnableIRQ                       0x0800131d   Thumb Code    22  stm32f4xx_hal_cortex.o(i.HAL_NVIC_EnableIRQ)
    HAL_NVIC_SetPriority                     0x08001335   Thumb Code    60  stm32f4xx_hal_cortex.o(i.HAL_NVIC_SetPriority)
    HAL_NVIC_SetPriorityGrouping             0x08001375   Thumb Code    26  stm32f4xx_hal_cortex.o(i.HAL_NVIC_SetPriorityGrouping)
    HAL_RCC_ClockConfig                      0x08001399   Thumb Code   286  stm32f4xx_hal_rcc.o(i.HAL_RCC_ClockConfig)
    HAL_RCC_GetClockConfig                   0x080014c9   Thumb Code    54  stm32f4xx_hal_rcc.o(i.HAL_RCC_GetClockConfig)
    HAL_RCC_GetPCLK1Freq                     0x08001509   Thumb Code    20  stm32f4xx_hal_rcc.o(i.HAL_RCC_GetPCLK1Freq)
    HAL_RCC_GetPCLK2Freq                     0x08001529   Thumb Code    20  stm32f4xx_hal_rcc.o(i.HAL_RCC_GetPCLK2Freq)
    HAL_RCC_GetSysClockFreq                  0x08001549   Thumb Code    88  stm32f4xx_hal_rcc.o(i.HAL_RCC_GetSysClockFreq)
    HAL_RCC_OscConfig                        0x080015ad   Thumb Code   770  stm32f4xx_hal_rcc.o(i.HAL_RCC_OscConfig)
    HAL_TIMEx_BreakCallback                  0x080018c9   Thumb Code     2  stm32f4xx_hal_tim_ex.o(i.HAL_TIMEx_BreakCallback)
    HAL_TIMEx_CommutationCallback            0x080018cb   Thumb Code     2  stm32f4xx_hal_tim_ex.o(i.HAL_TIMEx_CommutationCallback)
    HAL_TIM_Base_Init                        0x080018cd   Thumb Code    54  stm32f4xx_hal_tim.o(i.HAL_TIM_Base_Init)
    HAL_TIM_Base_MspInit                     0x08001903   Thumb Code     2  stm32f4xx_hal_tim.o(i.HAL_TIM_Base_MspInit)
    HAL_TIM_Base_Start_IT                    0x08001905   Thumb Code    24  stm32f4xx_hal_tim.o(i.HAL_TIM_Base_Start_IT)
    HAL_TIM_IC_CaptureCallback               0x0800191d   Thumb Code     2  stm32f4xx_hal_tim.o(i.HAL_TIM_IC_CaptureCallback)
    HAL_TIM_IRQHandler                       0x0800191f   Thumb Code   358  stm32f4xx_hal_tim.o(i.HAL_TIM_IRQHandler)
    HAL_TIM_OC_DelayElapsedCallback          0x08001a85   Thumb Code     2  stm32f4xx_hal_tim.o(i.HAL_TIM_OC_DelayElapsedCallback)
    HAL_TIM_PWM_PulseFinishedCallback        0x08001a87   Thumb Code     2  stm32f4xx_hal_tim.o(i.HAL_TIM_PWM_PulseFinishedCallback)
    HAL_TIM_PeriodElapsedCallback            0x08001a89   Thumb Code    14  main.o(i.HAL_TIM_PeriodElapsedCallback)
    HAL_TIM_TriggerCallback                  0x08001a9d   Thumb Code     2  stm32f4xx_hal_tim.o(i.HAL_TIM_TriggerCallback)
    HAL_UART_DMAStop                         0x08001a9f   Thumb Code    88  stm32f4xx_hal_uart.o(i.HAL_UART_DMAStop)
    HAL_UART_ErrorCallback                   0x08001af7   Thumb Code     2  stm32f4xx_hal_uart.o(i.HAL_UART_ErrorCallback)
    HAL_UART_IRQHandler                      0x08001af9   Thumb Code   266  stm32f4xx_hal_uart.o(i.HAL_UART_IRQHandler)
    HAL_UART_Init                            0x08001c09   Thumb Code    98  stm32f4xx_hal_uart.o(i.HAL_UART_Init)
    HAL_UART_MspInit                         0x08001c6d   Thumb Code   648  stm32f4xx_hal_msp.o(i.HAL_UART_MspInit)
    HAL_UART_Receive_DMA                     0x08001f29   Thumb Code   138  stm32f4xx_hal_uart.o(i.HAL_UART_Receive_DMA)
    HAL_UART_RxCpltCallback                  0x08001fc1   Thumb Code     2  stm32f4xx_hal_uart.o(i.HAL_UART_RxCpltCallback)
    HAL_UART_RxHalfCpltCallback              0x08001fc3   Thumb Code     2  stm32f4xx_hal_uart.o(i.HAL_UART_RxHalfCpltCallback)
    HAL_UART_Transmit_DMA                    0x08001fc5   Thumb Code   114  stm32f4xx_hal_uart.o(i.HAL_UART_Transmit_DMA)
    HAL_UART_TxCpltCallback                  0x08002045   Thumb Code     2  stm32f4xx_hal_uart.o(i.HAL_UART_TxCpltCallback)
    HAL_UART_TxHalfCpltCallback              0x08002047   Thumb Code     2  stm32f4xx_hal_uart.o(i.HAL_UART_TxHalfCpltCallback)
    HardFault_Handler                        0x08002049   Thumb Code     2  stm32f4xx_it.o(i.HardFault_Handler)
    MODE_MODIFICATION                        0x0800204d   Thumb Code   186  gcs_debug.o(i.MODE_MODIFICATION)
    MemManage_Handler                        0x08002279   Thumb Code     2  stm32f4xx_it.o(i.MemManage_Handler)
    NMI_Handler                              0x0800227b   Thumb Code     2  stm32f4xx_it.o(i.NMI_Handler)
    PARAMETER_Change_float                   0x0800229d   Thumb Code    30  gcs_debug.o(i.PARAMETER_Change_float)
    PARAMETER_MODIFICATION                   0x080022bd   Thumb Code   112  gcs_debug.o(i.PARAMETER_MODIFICATION)
    RecHandle                                0x0800233d   Thumb Code   248  gcs_debug.o(i.RecHandle)
    Sent_Contorl                             0x08002439   Thumb Code    32  gcs_debug.o(i.Sent_Contorl)
    StartDefaultTask                         0x0800245d   Thumb Code     8  main.o(i.StartDefaultTask)
    StartTask02                              0x08002465   Thumb Code    22  main.o(i.StartTask02)
    StartTask03                              0x08002489   Thumb Code   522  main.o(i.StartTask03)
    StartTask04                              0x080026cd   Thumb Code    84  main.o(i.StartTask04)
    SysTick_Handler                          0x08002725   Thumb Code    38  port.o(i.SysTick_Handler)
    SystemClock_Config                       0x08002751   Thumb Code   126  main.o(i.SystemClock_Config)
    SystemInit                               0x080027d9   Thumb Code    66  system_stm32f4xx.o(i.SystemInit)
    TIM1_UP_TIM10_IRQHandler                 0x0800282d   Thumb Code     6  stm32f4xx_it.o(i.TIM1_UP_TIM10_IRQHandler)
    TIM_Base_SetConfig                       0x08002839   Thumb Code   148  stm32f4xx_hal_tim.o(i.TIM_Base_SetConfig)
    UART4_IRQHandler                         0x080028f9   Thumb Code     6  stm32f4xx_it.o(i.UART4_IRQHandler)
    USART1_IRQHandler                        0x08002da9   Thumb Code    84  stm32f4xx_it.o(i.USART1_IRQHandler)
    USART2_IRQHandler                        0x08002e15   Thumb Code    26  stm32f4xx_it.o(i.USART2_IRQHandler)
    UsageFault_Handler                       0x08002e3d   Thumb Code     2  stm32f4xx_it.o(i.UsageFault_Handler)
    __scatterload_copy                       0x08002e3f   Thumb Code    14  handlers.o(i.__scatterload_copy)
    __scatterload_null                       0x08002e4d   Thumb Code     2  handlers.o(i.__scatterload_null)
    __scatterload_zeroinit                   0x08002e4f   Thumb Code    14  handlers.o(i.__scatterload_zeroinit)
    abs_limit                                0x08002e5d   Thumb Code    42  pid.o(i.abs_limit)
    data_config                              0x08002e87   Thumb Code    78  dr_16.o(i.data_config)
    dr16_uart_init                           0x08002ed5   Thumb Code    74  drv_dr16.o(i.dr16_uart_init)
    dr16_uart_rx_data_handle                 0x08002f25   Thumb Code    76  drv_dr16.o(i.dr16_uart_rx_data_handle)
    get_total_angle                          0x08002f75   Thumb Code    58  pid.o(i.get_total_angle)
    main                                     0x08002fb1   Thumb Code   214  main.o(i.main)
    my_can_filter_init_recv_all              0x080030a9   Thumb Code    56  can.o(i.my_can_filter_init_recv_all)
    osDelay                                  0x080030e1   Thumb Code    14  cmsis_os.o(i.osDelay)
    osKernelStart                            0x080030ef   Thumb Code    10  cmsis_os.o(i.osKernelStart)
    osMessageCreate                          0x080030f9   Thumb Code     8  cmsis_os.o(i.osMessageCreate)
    osThreadCreate                           0x08003101   Thumb Code    46  cmsis_os.o(i.osThreadCreate)
    pid_calc                                 0x08003131   Thumb Code   282  pid.o(i.pid_calc)
    pid_param_init                           0x08003251   Thumb Code    10  pid.o(i.pid_param_init)
    pvPortMalloc                             0x08003599   Thumb Code   210  heap_4.o(i.pvPortMalloc)
    pxPortInitialiseStack                    0x08003671   Thumb Code    40  port.o(i.pxPortInitialiseStack)
    set_moto_current                         0x0800369d   Thumb Code    78  can.o(i.set_moto_current)
    uxListRemove                             0x080036f1   Thumb Code    36  list.o(i.uxListRemove)
    vListInitialise                          0x08003715   Thumb Code    22  list.o(i.vListInitialise)
    vListInitialiseItem                      0x0800372b   Thumb Code     6  list.o(i.vListInitialiseItem)
    vListInsert                              0x08003731   Thumb Code    48  list.o(i.vListInsert)
    vListInsertEnd                           0x08003761   Thumb Code    24  list.o(i.vListInsertEnd)
    vPortEnterCritical                       0x08003779   Thumb Code    54  port.o(i.vPortEnterCritical)
    vPortExitCritical                        0x080037b9   Thumb Code    34  port.o(i.vPortExitCritical)
    vPortFree                                0x080037e1   Thumb Code    88  heap_4.o(i.vPortFree)
    vPortSetupTimerInterrupt                 0x0800383d   Thumb Code    26  port.o(i.vPortSetupTimerInterrupt)
    vTaskDelay                               0x0800385d   Thumb Code    66  tasks.o(i.vTaskDelay)
    vTaskStartScheduler                      0x080038a9   Thumb Code    86  tasks.o(i.vTaskStartScheduler)
    vTaskSuspendAll                          0x08003911   Thumb Code    10  tasks.o(i.vTaskSuspendAll)
    vTaskSwitchContext                       0x08003921   Thumb Code    82  tasks.o(i.vTaskSwitchContext)
    xPortStartScheduler                      0x0800397d   Thumb Code   202  port.o(i.xPortStartScheduler)
    xQueueGenericCreate                      0x08003a5d   Thumb Code    72  queue.o(i.xQueueGenericCreate)
    xQueueGenericReset                       0x08003aa5   Thumb Code   132  queue.o(i.xQueueGenericReset)
    xTaskCreate                              0x08003b2d   Thumb Code    86  tasks.o(i.xTaskCreate)
    xTaskIncrementTick                       0x08003b85   Thumb Code   192  tasks.o(i.xTaskIncrementTick)
    xTaskRemoveFromEventList                 0x08003c4d   Thumb Code   108  tasks.o(i.xTaskRemoveFromEventList)
    xTaskResumeAll                           0x08003cc1   Thumb Code   182  tasks.o(i.xTaskResumeAll)
    AHBPrescTable                            0x08003de4   Data          16  system_stm32f4xx.o(.constdata)
    APBPrescTable                            0x08003df4   Data           8  system_stm32f4xx.o(.constdata)
    Region$$Table$$Base                      0x08003e2c   Number         0  anon$$obj.o(Region$$Table)
    Region$$Table$$Limit                     0x08003e4c   Number         0  anon$$obj.o(Region$$Table)
    rx_len                                   0x20000000   Data           1  main.o(.data)
    recv_end_flag                            0x20000001   Data           1  main.o(.data)
    continue_flag                            0x20000004   Data           1  main.o(.data)
    shoot_mode                               0x20000005   Data           1  main.o(.data)
    a                                        0x20000006   Data           1  main.o(.data)
    flag_shoot                               0x20000007   Data           1  main.o(.data)
    remote_data                              0x20000008   Data           2  main.o(.data)
    out_middle                               0x2000000a   Data           2  main.o(.data)
    total_angle_ini                          0x2000000c   Data           4  main.o(.data)
    total_angle_now                          0x20000010   Data           4  main.o(.data)
    total_angle_set                          0x20000014   Data           4  main.o(.data)
    defaultTaskHandle                        0x20000018   Data           4  main.o(.data)
    myTask02Handle                           0x2000001c   Data           4  main.o(.data)
    myTask03Handle                           0x20000020   Data           4  main.o(.data)
    myTask04Handle                           0x20000024   Data           4  main.o(.data)
    myQueue01Handle                          0x20000028   Data           4  main.o(.data)
    uwTickFreq                               0x2000002c   Data           1  stm32f4xx_hal.o(.data)
    uwTickPrio                               0x20000030   Data           4  stm32f4xx_hal.o(.data)
    uwTick                                   0x20000034   Data           4  stm32f4xx_hal.o(.data)
    SystemCoreClock                          0x20000038   Data           4  system_stm32f4xx.o(.data)
    pxCurrentTCB                             0x2000003c   Data           4  tasks.o(.data)
    speed_set                                0x2000009c   Data           2  can.o(.data)
    speed_left                               0x2000009e   Data           2  can.o(.data)
    speed_right                              0x200000a0   Data           2  can.o(.data)
    USART_Interrupt_flag                     0x200000a4   Data           1  gcs_debug.o(.data)
    USART_Get_Num_Flag                       0x200000a5   Data           1  gcs_debug.o(.data)
    On_Off_flag                              0x200000a6   Data           1  gcs_debug.o(.data)
    len                                      0x200000a8   Data           4  gcs_debug.o(.data)
    debug_Kp                                 0x200000ac   Data           4  gcs_debug.o(.data)
    debug_Ki                                 0x200000b0   Data           4  gcs_debug.o(.data)
    debug_Kd                                 0x200000b4   Data           4  gcs_debug.o(.data)
    USART_receive                            0x200000b8   Data           5  gcs_debug.o(.data)
    USART0_Sent_Choose_Data                  0x200000bd   Data           9  gcs_debug.o(.data)
    rx_buffer                                0x200000c8   Data         100  main.o(.bss)
    motor                                    0x2000012c   Data          96  main.o(.bss)
    pid                                      0x2000018c   Data         300  main.o(.bss)
    hcan1                                    0x200002b8   Data          40  main.o(.bss)
    huart4                                   0x200002e0   Data          64  main.o(.bss)
    huart1                                   0x20000320   Data          64  main.o(.bss)
    huart2                                   0x20000360   Data          64  main.o(.bss)
    hdma_uart4_rx                            0x200003a0   Data          96  main.o(.bss)
    hdma_uart4_tx                            0x20000400   Data          96  main.o(.bss)
    hdma_usart1_rx                           0x20000460   Data          96  main.o(.bss)
    hdma_usart1_tx                           0x200004c0   Data          96  main.o(.bss)
    hdma_usart2_rx                           0x20000520   Data          96  main.o(.bss)
    hdma_usart2_tx                           0x20000580   Data          96  main.o(.bss)
    dr16_uart_rx_buff                        0x200005e0   Data          50  stm32f4xx_it.o(.bss)
    htim1                                    0x20000614   Data          60  stm32f4xx_hal_timebase_tim.o(.bss)
    Sent_data_type                           0x20004340   Data          44  gcs_debug.o(.bss)
    dr_control                               0x2000436c   Data          24  dr_16.o(.bss)
    __initial_sp                             0x20004788   Data           0  startup_stm32f405xx.o(STACK)



==============================================================================

Memory Map of the image

  Image Entry point : 0x08000189

  Load Region LR_IROM1 (Base: 0x08000000, Size: 0x00003f14, Max: 0x00100000, ABSOLUTE)

    Execution Region ER_IROM1 (Base: 0x08000000, Size: 0x00003e4c, Max: 0x00100000, ABSOLUTE)

    Base Addr    Size         Type   Attr      Idx    E Section Name        Object

    0x08000000   0x00000188   Data   RO            3    RESET               startup_stm32f405xx.o
    0x08000188   0x00000000   Code   RO         4328  * .ARM.Collect$$$$00000000  mc_w.l(entry.o)
    0x08000188   0x00000004   Code   RO         4339    .ARM.Collect$$$$00000001  mc_w.l(entry2.o)
    0x0800018c   0x00000004   Code   RO         4342    .ARM.Collect$$$$00000004  mc_w.l(entry5.o)
    0x08000190   0x00000000   Code   RO         4344    .ARM.Collect$$$$00000008  mc_w.l(entry7b.o)
    0x08000190   0x00000000   Code   RO         4346    .ARM.Collect$$$$0000000A  mc_w.l(entry8b.o)
    0x08000190   0x00000008   Code   RO         4347    .ARM.Collect$$$$0000000B  mc_w.l(entry9a.o)
    0x08000198   0x00000000   Code   RO         4349    .ARM.Collect$$$$0000000D  mc_w.l(entry10a.o)
    0x08000198   0x00000000   Code   RO         4351    .ARM.Collect$$$$0000000F  mc_w.l(entry11a.o)
    0x08000198   0x00000004   Code   RO         4340    .ARM.Collect$$$$00002712  mc_w.l(entry2.o)
    0x0800019c   0x000000ba   Code   RO         4038    .emb_text           port.o
    0x08000256   0x00000002   PAD
    0x08000258   0x00000024   Code   RO            4    .text               startup_stm32f405xx.o
    0x0800027c   0x00000062   Code   RO         4331    .text               mc_w.l(uldiv.o)
    0x080002de   0x00000024   Code   RO         4333    .text               mc_w.l(memcpya.o)
    0x08000302   0x00000024   Code   RO         4335    .text               mc_w.l(memseta.o)
    0x08000326   0x0000001e   Code   RO         4353    .text               mc_w.l(llshl.o)
    0x08000344   0x00000020   Code   RO         4355    .text               mc_w.l(llushr.o)
    0x08000364   0x00000024   Code   RO         4357    .text               mc_w.l(init.o)
    0x08000388   0x00000002   Code   RO          312    i.BusFault_Handler  stm32f4xx_it.o
    0x0800038a   0x00000002   PAD
    0x0800038c   0x0000000c   Code   RO          313    i.CAN1_RX0_IRQHandler  stm32f4xx_it.o
    0x08000398   0x0000000c   Code   RO          314    i.DMA1_Stream2_IRQHandler  stm32f4xx_it.o
    0x080003a4   0x0000000c   Code   RO          315    i.DMA1_Stream4_IRQHandler  stm32f4xx_it.o
    0x080003b0   0x0000000c   Code   RO          316    i.DMA1_Stream5_IRQHandler  stm32f4xx_it.o
    0x080003bc   0x0000000c   Code   RO          317    i.DMA1_Stream6_IRQHandler  stm32f4xx_it.o
    0x080003c8   0x0000000c   Code   RO          318    i.DMA2_Stream2_IRQHandler  stm32f4xx_it.o
    0x080003d4   0x0000000c   Code   RO          319    i.DMA2_Stream7_IRQHandler  stm32f4xx_it.o
    0x080003e0   0x00000028   Code   RO         2419    i.DMA_CalcBaseAndBitshift  stm32f4xx_hal_dma.o
    0x08000408   0x00000054   Code   RO         2420    i.DMA_CheckFifoParam  stm32f4xx_hal_dma.o
    0x0800045c   0x00000028   Code   RO         2421    i.DMA_SetConfig     stm32f4xx_hal_dma.o
    0x08000484   0x00000002   Code   RO          320    i.DebugMon_Handler  stm32f4xx_it.o
    0x08000486   0x00000002   Code   RO           13    i.Error_Handler     main.o
    0x08000488   0x00000054   Code   RO         4159    i.GCSDebug_Sent_Choose  gcs_debug.o
    0x080004dc   0x00000030   Code   RO         4160    i.GCSDebug_Sent_Set  gcs_debug.o
    0x0800050c   0x00000028   Code   RO          531    i.HAL_CAN_ActivateNotification  stm32f4xx_hal_can.o
    0x08000534   0x000000c8   Code   RO          532    i.HAL_CAN_AddTxMessage  stm32f4xx_hal_can.o
    0x080005fc   0x0000010c   Code   RO          533    i.HAL_CAN_ConfigFilter  stm32f4xx_hal_can.o
    0x08000708   0x00000002   Code   RO          536    i.HAL_CAN_ErrorCallback  stm32f4xx_hal_can.o
    0x0800070a   0x000000fa   Code   RO          539    i.HAL_CAN_GetRxMessage  stm32f4xx_hal_can.o
    0x08000804   0x000001fc   Code   RO          543    i.HAL_CAN_IRQHandler  stm32f4xx_hal_can.o
    0x08000a00   0x0000011a   Code   RO          544    i.HAL_CAN_Init      stm32f4xx_hal_can.o
    0x08000b1a   0x00000002   PAD
    0x08000b1c   0x0000007c   Code   RO          443    i.HAL_CAN_MspInit   stm32f4xx_hal_msp.o
    0x08000b98   0x00000002   Code   RO          551    i.HAL_CAN_RxFifo0FullCallback  stm32f4xx_hal_can.o
    0x08000b9a   0x00000002   PAD
    0x08000b9c   0x00000074   Code   RO         4118    i.HAL_CAN_RxFifo0MsgPendingCallback  can.o
    0x08000c10   0x00000002   Code   RO          553    i.HAL_CAN_RxFifo1FullCallback  stm32f4xx_hal_can.o
    0x08000c12   0x00000002   Code   RO          554    i.HAL_CAN_RxFifo1MsgPendingCallback  stm32f4xx_hal_can.o
    0x08000c14   0x00000002   Code   RO          555    i.HAL_CAN_SleepCallback  stm32f4xx_hal_can.o
    0x08000c16   0x00000002   PAD
    0x08000c18   0x00000058   Code   RO          556    i.HAL_CAN_Start     stm32f4xx_hal_can.o
    0x08000c70   0x00000002   Code   RO          558    i.HAL_CAN_TxMailbox0AbortCallback  stm32f4xx_hal_can.o
    0x08000c72   0x00000002   Code   RO          559    i.HAL_CAN_TxMailbox0CompleteCallback  stm32f4xx_hal_can.o
    0x08000c74   0x00000002   Code   RO          560    i.HAL_CAN_TxMailbox1AbortCallback  stm32f4xx_hal_can.o
    0x08000c76   0x00000002   Code   RO          561    i.HAL_CAN_TxMailbox1CompleteCallback  stm32f4xx_hal_can.o
    0x08000c78   0x00000002   Code   RO          562    i.HAL_CAN_TxMailbox2AbortCallback  stm32f4xx_hal_can.o
    0x08000c7a   0x00000002   Code   RO          563    i.HAL_CAN_TxMailbox2CompleteCallback  stm32f4xx_hal_can.o
    0x08000c7c   0x00000002   Code   RO          565    i.HAL_CAN_WakeUpFromRxMsgCallback  stm32f4xx_hal_can.o
    0x08000c7e   0x0000008e   Code   RO         2422    i.HAL_DMA_Abort     stm32f4xx_hal_dma.o
    0x08000d0c   0x00000024   Code   RO         2423    i.HAL_DMA_Abort_IT  stm32f4xx_hal_dma.o
    0x08000d30   0x000001a0   Code   RO         2427    i.HAL_DMA_IRQHandler  stm32f4xx_hal_dma.o
    0x08000ed0   0x000000d4   Code   RO         2428    i.HAL_DMA_Init      stm32f4xx_hal_dma.o
    0x08000fa4   0x00000046   Code   RO         2431    i.HAL_DMA_Start     stm32f4xx_hal_dma.o
    0x08000fea   0x00000078   Code   RO         2432    i.HAL_DMA_Start_IT  stm32f4xx_hal_dma.o
    0x08001062   0x00000002   PAD
    0x08001064   0x000001b0   Code   RO         2315    i.HAL_GPIO_Init     stm32f4xx_hal_gpio.o
    0x08001214   0x0000000a   Code   RO         2317    i.HAL_GPIO_ReadPin  stm32f4xx_hal_gpio.o
    0x0800121e   0x00000002   PAD
    0x08001220   0x0000000c   Code   RO         2847    i.HAL_GetTick       stm32f4xx_hal.o
    0x0800122c   0x00000010   Code   RO         2851    i.HAL_IncTick       stm32f4xx_hal.o
    0x0800123c   0x00000034   Code   RO         2852    i.HAL_Init          stm32f4xx_hal.o
    0x08001270   0x00000074   Code   RO          491    i.HAL_InitTick      stm32f4xx_hal_timebase_tim.o
    0x080012e4   0x00000038   Code   RO          444    i.HAL_MspInit       stm32f4xx_hal_msp.o
    0x0800131c   0x00000016   Code   RO         2704    i.HAL_NVIC_EnableIRQ  stm32f4xx_hal_cortex.o
    0x08001332   0x00000002   PAD
    0x08001334   0x00000040   Code   RO         2710    i.HAL_NVIC_SetPriority  stm32f4xx_hal_cortex.o
    0x08001374   0x00000024   Code   RO         2711    i.HAL_NVIC_SetPriorityGrouping  stm32f4xx_hal_cortex.o
    0x08001398   0x00000130   Code   RO         1961    i.HAL_RCC_ClockConfig  stm32f4xx_hal_rcc.o
    0x080014c8   0x00000040   Code   RO         1965    i.HAL_RCC_GetClockConfig  stm32f4xx_hal_rcc.o
    0x08001508   0x00000020   Code   RO         1968    i.HAL_RCC_GetPCLK1Freq  stm32f4xx_hal_rcc.o
    0x08001528   0x00000020   Code   RO         1969    i.HAL_RCC_GetPCLK2Freq  stm32f4xx_hal_rcc.o
    0x08001548   0x00000064   Code   RO         1970    i.HAL_RCC_GetSysClockFreq  stm32f4xx_hal_rcc.o
    0x080015ac   0x0000031c   Code   RO         1973    i.HAL_RCC_OscConfig  stm32f4xx_hal_rcc.o
    0x080018c8   0x00000002   Code   RO         1395    i.HAL_TIMEx_BreakCallback  stm32f4xx_hal_tim_ex.o
    0x080018ca   0x00000002   Code   RO         1396    i.HAL_TIMEx_CommutationCallback  stm32f4xx_hal_tim_ex.o
    0x080018cc   0x00000036   Code   RO          766    i.HAL_TIM_Base_Init  stm32f4xx_hal_tim.o
    0x08001902   0x00000002   Code   RO          768    i.HAL_TIM_Base_MspInit  stm32f4xx_hal_tim.o
    0x08001904   0x00000018   Code   RO          771    i.HAL_TIM_Base_Start_IT  stm32f4xx_hal_tim.o
    0x0800191c   0x00000002   Code   RO          795    i.HAL_TIM_IC_CaptureCallback  stm32f4xx_hal_tim.o
    0x0800191e   0x00000166   Code   RO          808    i.HAL_TIM_IRQHandler  stm32f4xx_hal_tim.o
    0x08001a84   0x00000002   Code   RO          811    i.HAL_TIM_OC_DelayElapsedCallback  stm32f4xx_hal_tim.o
    0x08001a86   0x00000002   Code   RO          838    i.HAL_TIM_PWM_PulseFinishedCallback  stm32f4xx_hal_tim.o
    0x08001a88   0x00000014   Code   RO           14    i.HAL_TIM_PeriodElapsedCallback  main.o
    0x08001a9c   0x00000002   Code   RO          849    i.HAL_TIM_TriggerCallback  stm32f4xx_hal_tim.o
    0x08001a9e   0x00000058   Code   RO         1653    i.HAL_UART_DMAStop  stm32f4xx_hal_uart.o
    0x08001af6   0x00000002   Code   RO         1655    i.HAL_UART_ErrorCallback  stm32f4xx_hal_uart.o
    0x08001af8   0x00000110   Code   RO         1658    i.HAL_UART_IRQHandler  stm32f4xx_hal_uart.o
    0x08001c08   0x00000062   Code   RO         1659    i.HAL_UART_Init     stm32f4xx_hal_uart.o
    0x08001c6a   0x00000002   PAD
    0x08001c6c   0x000002bc   Code   RO          446    i.HAL_UART_MspInit  stm32f4xx_hal_msp.o
    0x08001f28   0x00000098   Code   RO         1663    i.HAL_UART_Receive_DMA  stm32f4xx_hal_uart.o
    0x08001fc0   0x00000002   Code   RO         1665    i.HAL_UART_RxCpltCallback  stm32f4xx_hal_uart.o
    0x08001fc2   0x00000002   Code   RO         1666    i.HAL_UART_RxHalfCpltCallback  stm32f4xx_hal_uart.o
    0x08001fc4   0x00000080   Code   RO         1668    i.HAL_UART_Transmit_DMA  stm32f4xx_hal_uart.o
    0x08002044   0x00000002   Code   RO         1670    i.HAL_UART_TxCpltCallback  stm32f4xx_hal_uart.o
    0x08002046   0x00000002   Code   RO         1671    i.HAL_UART_TxHalfCpltCallback  stm32f4xx_hal_uart.o
    0x08002048   0x00000002   Code   RO          321    i.HardFault_Handler  stm32f4xx_it.o
    0x0800204a   0x00000002   PAD
    0x0800204c   0x000000c0   Code   RO         4161    i.MODE_MODIFICATION  gcs_debug.o
    0x0800210c   0x00000034   Code   RO           15    i.MX_CAN1_Init      main.o
    0x08002140   0x0000008c   Code   RO           16    i.MX_DMA_Init       main.o
    0x080021cc   0x0000005c   Code   RO           17    i.MX_GPIO_Init      main.o
    0x08002228   0x00000050   Code   RO           18    i.MX_USART1_UART_Init  main.o
    0x08002278   0x00000002   Code   RO          322    i.MemManage_Handler  stm32f4xx_it.o
    0x0800227a   0x00000002   Code   RO          323    i.NMI_Handler       stm32f4xx_it.o
    0x0800227c   0x00000020   Code   RO         2717    i.NVIC_SetPriority  stm32f4xx_hal_cortex.o
    0x0800229c   0x0000001e   Code   RO         4162    i.PARAMETER_Change_float  gcs_debug.o
    0x080022ba   0x00000002   PAD
    0x080022bc   0x00000080   Code   RO         4163    i.PARAMETER_MODIFICATION  gcs_debug.o
    0x0800233c   0x000000fc   Code   RO         4164    i.RecHandle         gcs_debug.o
    0x08002438   0x00000024   Code   RO         4165    i.Sent_Contorl      gcs_debug.o
    0x0800245c   0x00000008   Code   RO           19    i.StartDefaultTask  main.o
    0x08002464   0x00000024   Code   RO           20    i.StartTask02       main.o
    0x08002488   0x00000244   Code   RO           21    i.StartTask03       main.o
    0x080026cc   0x00000058   Code   RO           22    i.StartTask04       main.o
    0x08002724   0x0000002c   Code   RO         4039    i.SysTick_Handler   port.o
    0x08002750   0x00000088   Code   RO           23    i.SystemClock_Config  main.o
    0x080027d8   0x00000054   Code   RO         3006    i.SystemInit        system_stm32f4xx.o
    0x0800282c   0x0000000c   Code   RO          324    i.TIM1_UP_TIM10_IRQHandler  stm32f4xx_it.o
    0x08002838   0x000000c0   Code   RO          850    i.TIM_Base_SetConfig  stm32f4xx_hal_tim.o
    0x080028f8   0x0000000c   Code   RO          325    i.UART4_IRQHandler  stm32f4xx_it.o
    0x08002904   0x00000010   Code   RO         1672    i.UART_DMAAbortOnError  stm32f4xx_hal_uart.o
    0x08002914   0x0000004a   Code   RO         1673    i.UART_DMAError     stm32f4xx_hal_uart.o
    0x0800295e   0x0000003c   Code   RO         1674    i.UART_DMAReceiveCplt  stm32f4xx_hal_uart.o
    0x0800299a   0x0000000a   Code   RO         1676    i.UART_DMARxHalfCplt  stm32f4xx_hal_uart.o
    0x080029a4   0x0000002e   Code   RO         1678    i.UART_DMATransmitCplt  stm32f4xx_hal_uart.o
    0x080029d2   0x0000000a   Code   RO         1680    i.UART_DMATxHalfCplt  stm32f4xx_hal_uart.o
    0x080029dc   0x0000001c   Code   RO         1682    i.UART_EndRxTransfer  stm32f4xx_hal_uart.o
    0x080029f8   0x00000012   Code   RO         1683    i.UART_EndTxTransfer  stm32f4xx_hal_uart.o
    0x08002a0a   0x0000008c   Code   RO         1684    i.UART_Receive_IT   stm32f4xx_hal_uart.o
    0x08002a96   0x00000002   PAD
    0x08002a98   0x000002ac   Code   RO         1685    i.UART_SetConfig    stm32f4xx_hal_uart.o
    0x08002d44   0x00000062   Code   RO         1686    i.UART_Transmit_IT  stm32f4xx_hal_uart.o
    0x08002da6   0x00000002   PAD
    0x08002da8   0x0000006c   Code   RO          326    i.USART1_IRQHandler  stm32f4xx_it.o
    0x08002e14   0x00000028   Code   RO          327    i.USART2_IRQHandler  stm32f4xx_it.o
    0x08002e3c   0x00000002   Code   RO          328    i.UsageFault_Handler  stm32f4xx_it.o
    0x08002e3e   0x0000000e   Code   RO         4361    i.__scatterload_copy  mc_w.l(handlers.o)
    0x08002e4c   0x00000002   Code   RO         4362    i.__scatterload_null  mc_w.l(handlers.o)
    0x08002e4e   0x0000000e   Code   RO         4363    i.__scatterload_zeroinit  mc_w.l(handlers.o)
    0x08002e5c   0x0000002a   Code   RO         4226    i.abs_limit         pid.o
    0x08002e86   0x0000004e   Code   RO         4271    i.data_config       dr_16.o
    0x08002ed4   0x00000050   Code   RO         4301    i.dr16_uart_init    drv_dr16.o
    0x08002f24   0x00000050   Code   RO         4302    i.dr16_uart_rx_data_handle  drv_dr16.o
    0x08002f74   0x0000003a   Code   RO         4227    i.get_total_angle   pid.o
    0x08002fae   0x00000002   PAD
    0x08002fb0   0x000000ec   Code   RO           24    i.main              main.o
    0x0800309c   0x0000000c   Code   RO         3604    i.makeFreeRtosPriority  cmsis_os.o
    0x080030a8   0x00000038   Code   RO         4119    i.my_can_filter_init_recv_all  can.o
    0x080030e0   0x0000000e   Code   RO         3606    i.osDelay           cmsis_os.o
    0x080030ee   0x0000000a   Code   RO         3609    i.osKernelStart     cmsis_os.o
    0x080030f8   0x00000008   Code   RO         3618    i.osMessageCreate   cmsis_os.o
    0x08003100   0x0000002e   Code   RO         3643    i.osThreadCreate    cmsis_os.o
    0x0800312e   0x00000002   PAD
    0x08003130   0x00000120   Code   RO         4228    i.pid_calc          pid.o
    0x08003250   0x0000000a   Code   RO         4229    i.pid_param_init    pid.o
    0x0800325a   0x00000002   PAD
    0x0800325c   0x00000070   Code   RO         3315    i.prvAddCurrentTaskToDelayedList  tasks.o
    0x080032cc   0x000000d0   Code   RO         3316    i.prvAddNewTaskToReadyList  tasks.o
    0x0800339c   0x00000050   Code   RO         3317    i.prvCheckTasksWaitingTermination  tasks.o
    0x080033ec   0x00000014   Code   RO         3318    i.prvDeleteTCB      tasks.o
    0x08003400   0x0000004c   Code   RO         3977    i.prvHeapInit       heap_4.o
    0x0800344c   0x00000028   Code   RO         3319    i.prvIdleTask       tasks.o
    0x08003474   0x0000008e   Code   RO         3320    i.prvInitialiseNewTask  tasks.o
    0x08003502   0x00000002   PAD
    0x08003504   0x0000004c   Code   RO         3978    i.prvInsertBlockIntoFreeList  heap_4.o
    0x08003550   0x00000020   Code   RO         3321    i.prvResetNextTaskUnblockTime  tasks.o
    0x08003570   0x00000028   Code   RO         4040    i.prvTaskExitError  port.o
    0x08003598   0x000000d8   Code   RO         3979    i.pvPortMalloc      heap_4.o
    0x08003670   0x0000002c   Code   RO         4041    i.pxPortInitialiseStack  port.o
    0x0800369c   0x00000054   Code   RO         4120    i.set_moto_current  can.o
    0x080036f0   0x00000024   Code   RO         3138    i.uxListRemove      list.o
    0x08003714   0x00000016   Code   RO         3139    i.vListInitialise   list.o
    0x0800372a   0x00000006   Code   RO         3140    i.vListInitialiseItem  list.o
    0x08003730   0x00000030   Code   RO         3141    i.vListInsert       list.o
    0x08003760   0x00000018   Code   RO         3142    i.vListInsertEnd    list.o
    0x08003778   0x00000040   Code   RO         4043    i.vPortEnterCritical  port.o
    0x080037b8   0x00000028   Code   RO         4044    i.vPortExitCritical  port.o
    0x080037e0   0x0000005c   Code   RO         3980    i.vPortFree         heap_4.o
    0x0800383c   0x00000020   Code   RO         4045    i.vPortSetupTimerInterrupt  port.o
    0x0800385c   0x0000004c   Code   RO         3329    i.vTaskDelay        tasks.o
    0x080038a8   0x00000068   Code   RO         3340    i.vTaskStartScheduler  tasks.o
    0x08003910   0x00000010   Code   RO         3342    i.vTaskSuspendAll   tasks.o
    0x08003920   0x0000005c   Code   RO         3343    i.vTaskSwitchContext  tasks.o
    0x0800397c   0x000000e0   Code   RO         4047    i.xPortStartScheduler  port.o
    0x08003a5c   0x00000048   Code   RO         3186    i.xQueueGenericCreate  queue.o
    0x08003aa4   0x00000088   Code   RO         3188    i.xQueueGenericReset  queue.o
    0x08003b2c   0x00000056   Code   RO         3345    i.xTaskCreate       tasks.o
    0x08003b82   0x00000002   PAD
    0x08003b84   0x000000c8   Code   RO         3352    i.xTaskIncrementTick  tasks.o
    0x08003c4c   0x00000074   Code   RO         3356    i.xTaskRemoveFromEventList  tasks.o
    0x08003cc0   0x000000c4   Code   RO         3358    i.xTaskResumeAll    tasks.o
    0x08003d84   0x00000058   Data   RO           33    .constdata          main.o
    0x08003ddc   0x00000008   Data   RO         2434    .constdata          stm32f4xx_hal_dma.o
    0x08003de4   0x00000010   Data   RO         3007    .constdata          system_stm32f4xx.o
    0x08003df4   0x00000008   Data   RO         3008    .constdata          system_stm32f4xx.o
    0x08003dfc   0x00000030   Data   RO           34    .conststring        main.o
    0x08003e2c   0x00000020   Data   RO         4359    Region$$Table       anon$$obj.o


    Execution Region RW_IRAM1 (Base: 0x20000000, Size: 0x00004788, Max: 0x00020000, ABSOLUTE)

    Base Addr    Size         Type   Attr      Idx    E Section Name        Object

    0x20000000   0x00000001   Data   RW           35    .data               main.o
    0x20000001   0x00000001   Data   RW           36    .data               main.o
    0x20000002   0x00000002   PAD
    0x20000004   0x00000028   Data   RW           37    .data               main.o
    0x2000002c   0x0000000c   Data   RW         2859    .data               stm32f4xx_hal.o
    0x20000038   0x00000004   Data   RW         3009    .data               system_stm32f4xx.o
    0x2000003c   0x0000003c   Data   RW         3361    .data               tasks.o
    0x20000078   0x00000018   Data   RW         3985    .data               heap_4.o
    0x20000090   0x0000000c   Data   RW         4048    .data               port.o
    0x2000009c   0x00000002   Data   RW         4121    .data               can.o
    0x2000009e   0x00000004   Data   RW         4122    .data               can.o
    0x200000a2   0x00000002   PAD
    0x200000a4   0x00000022   Data   RW         4167    .data               gcs_debug.o
    0x200000c6   0x00000002   PAD
    0x200000c8   0x000002d8   Zero   RW           25    .bss                main.o
    0x200003a0   0x00000060   Zero   RW           27    .bss                main.o
    0x20000400   0x00000060   Zero   RW           28    .bss                main.o
    0x20000460   0x00000060   Zero   RW           29    .bss                main.o
    0x200004c0   0x00000060   Zero   RW           30    .bss                main.o
    0x20000520   0x00000060   Zero   RW           31    .bss                main.o
    0x20000580   0x00000060   Zero   RW           32    .bss                main.o
    0x200005e0   0x00000032   Zero   RW          329    .bss                stm32f4xx_it.o
    0x20000612   0x00000002   PAD
    0x20000614   0x0000003c   Zero   RW          494    .bss                stm32f4xx_hal_timebase_tim.o
    0x20000650   0x000000f0   Zero   RW         3360    .bss                tasks.o
    0x20000740   0x00003c00   Zero   RW         3984    .bss                heap_4.o
    0x20004340   0x0000002c   Zero   RW         4166    .bss                gcs_debug.o
    0x2000436c   0x00000018   Zero   RW         4272    .bss                dr_16.o
    0x20004384   0x00000004   PAD
    0x20004388   0x00000400   Zero   RW            1    STACK               startup_stm32f405xx.o


==============================================================================

Image component sizes


      Code (inc. data)   RO Data    RW Data    ZI Data      Debug   Object Name

       256         18          0          6          0       2638   can.o
        90          0          0          0          0      13267   cmsis_os.o
        78          0          0          0         24       1423   dr_16.o
       160         10          0          0          0       1760   drv_dr16.o
         0          0          0          0          0       9560   event_groups.o
       770         68          0         34         44       5922   gcs_debug.o
       460         24          0         24      15360       7195   heap_4.o
       136          0          0          0          0       3442   list.o
      1470        144        136         42       1304     671983   main.o
       398          6          0          0          0       3654   pid.o
       674         74          0         12          0      11132   port.o
       208          4          0          0          0       3947   queue.o
        36          8        392          0       1024        848   startup_stm32f405xx.o
        80         14          0         12          0       3318   stm32f4xx_hal.o
      1660          6          0          0          0      13483   stm32f4xx_hal_can.o
       154         14          0          0          0      29346   stm32f4xx_hal_cortex.o
      1160         16          8          0          0       7462   stm32f4xx_hal_dma.o
       442         44          0          0          0       2267   stm32f4xx_hal_gpio.o
       880         70          0          0          0       3085   stm32f4xx_hal_msp.o
      1328         90          0          0          0       5657   stm32f4xx_hal_rcc.o
       638         44          0          0          0       7030   stm32f4xx_hal_tim.o
         4          0          0          0          0       1654   stm32f4xx_hal_tim_ex.o
       116         16          0          0         60       1415   stm32f4xx_hal_timebase_tim.o
      1932         42          0          0          0      14149   stm32f4xx_hal_uart.o
       268         92          0          0         50       9756   stm32f4xx_it.o
        84         18         24          4          0       1195   system_stm32f4xx.o
      1520        124          0         60        240      15737   tasks.o

    ----------------------------------------------------------------------
     15038        946        592        200      18112     852325   Object Totals
         0          0         32          0          0          0   (incl. Generated)
        36          0          0          6          6          0   (incl. Padding)

    ----------------------------------------------------------------------

      Code (inc. data)   RO Data    RW Data    ZI Data      Debug   Library Member Name

         0          0          0          0          0          0   entry.o
         0          0          0          0          0          0   entry10a.o
         0          0          0          0          0          0   entry11a.o
         8          4          0          0          0          0   entry2.o
         4          0          0          0          0          0   entry5.o
         0          0          0          0          0          0   entry7b.o
         0          0          0          0          0          0   entry8b.o
         8          4          0          0          0          0   entry9a.o
        30          0          0          0          0          0   handlers.o
        36          8          0          0          0         68   init.o
        30          0          0          0          0         68   llshl.o
        32          0          0          0          0         68   llushr.o
        36          0          0          0          0         68   memcpya.o
        36          0          0          0          0        108   memseta.o
        98          0          0          0          0         92   uldiv.o

    ----------------------------------------------------------------------
       318         16          0          0          0        472   Library Totals
         0          0          0          0          0          0   (incl. Padding)

    ----------------------------------------------------------------------

      Code (inc. data)   RO Data    RW Data    ZI Data      Debug   Library Name

       318         16          0          0          0        472   mc_w.l

    ----------------------------------------------------------------------
       318         16          0          0          0        472   Library Totals

    ----------------------------------------------------------------------

==============================================================================


      Code (inc. data)   RO Data    RW Data    ZI Data      Debug   

     15356        962        592        200      18112     837445   Grand Totals
     15356        962        592        200      18112     837445   ELF Image Totals
     15356        962        592        200          0          0   ROM Totals

==============================================================================

    Total RO  Size (Code + RO Data)                15948 (  15.57kB)
    Total RW  Size (RW Data + ZI Data)             18312 (  17.88kB)
    Total ROM Size (Code + RO Data + RW Data)      16148 (  15.77kB)

==============================================================================

